nohup: ignoring input
Using device: cuda:8
VN cache: ogbg_ppa/processed/vn_cache/094aaa235a97a5532d4c (compute once on first access)
num_tasks: 1, num_classes: 37
Parameters: 2,021,437
epochs=120 warmup=5 amp=bf16 grad_clip=1.0 ema_decay=None
Epoch 001 | Loss: 2.0545 | Val Acc: 0.4122 | Best: 0.4122 | lr: 4.00e-04
Epoch 002 | Loss: 1.4173 | Val Acc: 0.4806 | Best: 0.4806 | lr: 6.00e-04
Epoch 003 | Loss: 1.1469 | Val Acc: 0.4898 | Best: 0.4898 | lr: 8.00e-04
Epoch 004 | Loss: 0.9854 | Val Acc: 0.5116 | Best: 0.5116 | lr: 1.00e-03
Epoch 005 | Loss: 0.8917 | Val Acc: 0.5150 | Best: 0.5150 | lr: 1.00e-03
Epoch 006 | Loss: 0.7790 | Val Acc: 0.4774 | Best: 0.5150 | lr: 1.00e-03
Epoch 007 | Loss: 0.6936 | Val Acc: 0.5521 | Best: 0.5521 | lr: 9.99e-04
Epoch 008 | Loss: 0.6412 | Val Acc: 0.5908 | Best: 0.5908 | lr: 9.98e-04
Epoch 009 | Loss: 0.6016 | Val Acc: 0.5762 | Best: 0.5908 | lr: 9.97e-04
Epoch 010 | Loss: 0.5629 | Val Acc: 0.5824 | Best: 0.5908 | lr: 9.95e-04
Epoch 011 | Loss: 0.5367 | Val Acc: 0.5776 | Best: 0.5908 | lr: 9.93e-04
Epoch 012 | Loss: 0.5102 | Val Acc: 0.5055 | Best: 0.5908 | lr: 9.91e-04
Epoch 013 | Loss: 0.4852 | Val Acc: 0.5416 | Best: 0.5908 | lr: 9.88e-04
Epoch 014 | Loss: 0.4660 | Val Acc: 0.6093 | Best: 0.6093 | lr: 9.85e-04
Epoch 015 | Loss: 0.4511 | Val Acc: 0.6061 | Best: 0.6093 | lr: 9.81e-04
Epoch 016 | Loss: 0.4404 | Val Acc: 0.5669 | Best: 0.6093 | lr: 9.78e-04
Epoch 017 | Loss: 0.4237 | Val Acc: 0.5905 | Best: 0.6093 | lr: 9.73e-04
Epoch 018 | Loss: 0.4064 | Val Acc: 0.6067 | Best: 0.6093 | lr: 9.69e-04
Epoch 019 | Loss: 0.4013 | Val Acc: 0.6075 | Best: 0.6093 | lr: 9.64e-04
Epoch 020 | Loss: 0.3916 | Val Acc: 0.6098 | Best: 0.6098 | lr: 9.59e-04
Epoch 021 | Loss: 0.3824 | Val Acc: 0.6186 | Best: 0.6186 | lr: 9.53e-04
Epoch 022 | Loss: 0.3748 | Val Acc: 0.6036 | Best: 0.6186 | lr: 9.47e-04
Epoch 023 | Loss: 0.3663 | Val Acc: 0.5683 | Best: 0.6186 | lr: 9.41e-04
Epoch 024 | Loss: 0.3527 | Val Acc: 0.6074 | Best: 0.6186 | lr: 9.34e-04
Epoch 025 | Loss: 0.3507 | Val Acc: 0.5971 | Best: 0.6186 | lr: 9.27e-04
Epoch 026 | Loss: 0.3395 | Val Acc: 0.5902 | Best: 0.6186 | lr: 9.20e-04
Epoch 027 | Loss: 0.3325 | Val Acc: 0.6091 | Best: 0.6186 | lr: 9.12e-04
Epoch 028 | Loss: 0.3293 | Val Acc: 0.6250 | Best: 0.6250 | lr: 9.05e-04
Epoch 029 | Loss: 0.3236 | Val Acc: 0.5882 | Best: 0.6250 | lr: 8.96e-04
Epoch 030 | Loss: 0.3135 | Val Acc: 0.6163 | Best: 0.6250 | lr: 8.88e-04
Epoch 031 | Loss: 0.3127 | Val Acc: 0.5673 | Best: 0.6250 | lr: 8.79e-04
Epoch 032 | Loss: 0.3040 | Val Acc: 0.5968 | Best: 0.6250 | lr: 8.70e-04
Epoch 033 | Loss: 0.2992 | Val Acc: 0.6125 | Best: 0.6250 | lr: 8.61e-04
Epoch 034 | Loss: 0.2918 | Val Acc: 0.6090 | Best: 0.6250 | lr: 8.51e-04
Epoch 035 | Loss: 0.2879 | Val Acc: 0.6220 | Best: 0.6250 | lr: 8.41e-04
Epoch 036 | Loss: 0.2894 | Val Acc: 0.6031 | Best: 0.6250 | lr: 8.31e-04
Epoch 037 | Loss: 0.2800 | Val Acc: 0.6290 | Best: 0.6290 | lr: 8.21e-04
Epoch 038 | Loss: 0.2775 | Val Acc: 0.6111 | Best: 0.6290 | lr: 8.10e-04
Epoch 039 | Loss: 0.2719 | Val Acc: 0.6148 | Best: 0.6290 | lr: 7.99e-04
Epoch 040 | Loss: 0.2672 | Val Acc: 0.6137 | Best: 0.6290 | lr: 7.88e-04
Epoch 041 | Loss: 0.2635 | Val Acc: 0.6186 | Best: 0.6290 | lr: 7.77e-04
Epoch 042 | Loss: 0.2557 | Val Acc: 0.6322 | Best: 0.6322 | lr: 7.66e-04
Epoch 043 | Loss: 0.2552 | Val Acc: 0.6127 | Best: 0.6322 | lr: 7.54e-04
Epoch 044 | Loss: 0.2545 | Val Acc: 0.6067 | Best: 0.6322 | lr: 7.42e-04
Epoch 045 | Loss: 0.2430 | Val Acc: 0.6154 | Best: 0.6322 | lr: 7.30e-04
Epoch 046 | Loss: 0.2429 | Val Acc: 0.6040 | Best: 0.6322 | lr: 7.18e-04
Epoch 047 | Loss: 0.2429 | Val Acc: 0.5866 | Best: 0.6322 | lr: 7.05e-04
Epoch 048 | Loss: 0.2316 | Val Acc: 0.5991 | Best: 0.6322 | lr: 6.93e-04
Epoch 049 | Loss: 0.2307 | Val Acc: 0.5977 | Best: 0.6322 | lr: 6.80e-04
Epoch 050 | Loss: 0.2268 | Val Acc: 0.6271 | Best: 0.6322 | lr: 6.67e-04
Epoch 051 | Loss: 0.2228 | Val Acc: 0.6230 | Best: 0.6322 | lr: 6.55e-04
Epoch 052 | Loss: 0.2181 | Val Acc: 0.6226 | Best: 0.6322 | lr: 6.41e-04
Epoch 053 | Loss: 0.2155 | Val Acc: 0.6189 | Best: 0.6322 | lr: 6.28e-04
Epoch 054 | Loss: 0.2066 | Val Acc: 0.6274 | Best: 0.6322 | lr: 6.15e-04
Epoch 055 | Loss: 0.2077 | Val Acc: 0.6211 | Best: 0.6322 | lr: 6.02e-04
Epoch 056 | Loss: 0.2023 | Val Acc: 0.6246 | Best: 0.6322 | lr: 5.88e-04
Epoch 057 | Loss: 0.1971 | Val Acc: 0.6296 | Best: 0.6322 | lr: 5.75e-04
Epoch 058 | Loss: 0.1943 | Val Acc: 0.6305 | Best: 0.6322 | lr: 5.61e-04
Epoch 059 | Loss: 0.1899 | Val Acc: 0.6185 | Best: 0.6322 | lr: 5.48e-04
Epoch 060 | Loss: 0.1863 | Val Acc: 0.6361 | Best: 0.6361 | lr: 5.34e-04
Epoch 061 | Loss: 0.1814 | Val Acc: 0.6276 | Best: 0.6361 | lr: 5.20e-04
Epoch 062 | Loss: 0.1831 | Val Acc: 0.6218 | Best: 0.6361 | lr: 5.07e-04
Epoch 063 | Loss: 0.1750 | Val Acc: 0.6227 | Best: 0.6361 | lr: 4.93e-04
Epoch 064 | Loss: 0.1724 | Val Acc: 0.6261 | Best: 0.6361 | lr: 4.80e-04
Epoch 065 | Loss: 0.1708 | Val Acc: 0.6388 | Best: 0.6388 | lr: 4.66e-04
Epoch 066 | Loss: 0.1623 | Val Acc: 0.6216 | Best: 0.6388 | lr: 4.52e-04
Epoch 067 | Loss: 0.1615 | Val Acc: 0.6363 | Best: 0.6388 | lr: 4.39e-04
Epoch 068 | Loss: 0.1583 | Val Acc: 0.6344 | Best: 0.6388 | lr: 4.25e-04
Epoch 069 | Loss: 0.1522 | Val Acc: 0.6350 | Best: 0.6388 | lr: 4.12e-04
Epoch 070 | Loss: 0.1489 | Val Acc: 0.6151 | Best: 0.6388 | lr: 3.98e-04
Epoch 071 | Loss: 0.1478 | Val Acc: 0.6349 | Best: 0.6388 | lr: 3.85e-04
Epoch 072 | Loss: 0.1417 | Val Acc: 0.6318 | Best: 0.6388 | lr: 3.72e-04
Epoch 073 | Loss: 0.1392 | Val Acc: 0.6310 | Best: 0.6388 | lr: 3.59e-04
Epoch 074 | Loss: 0.1370 | Val Acc: 0.6443 | Best: 0.6443 | lr: 3.45e-04
Epoch 075 | Loss: 0.1314 | Val Acc: 0.6351 | Best: 0.6443 | lr: 3.33e-04
Epoch 076 | Loss: 0.1337 | Val Acc: 0.6349 | Best: 0.6443 | lr: 3.20e-04
Epoch 077 | Loss: 0.1254 | Val Acc: 0.6402 | Best: 0.6443 | lr: 3.07e-04
Epoch 078 | Loss: 0.1244 | Val Acc: 0.6366 | Best: 0.6443 | lr: 2.95e-04
Epoch 079 | Loss: 0.1194 | Val Acc: 0.6396 | Best: 0.6443 | lr: 2.82e-04
Epoch 080 | Loss: 0.1199 | Val Acc: 0.6428 | Best: 0.6443 | lr: 2.70e-04
Epoch 081 | Loss: 0.1128 | Val Acc: 0.6385 | Best: 0.6443 | lr: 2.58e-04
Epoch 082 | Loss: 0.1098 | Val Acc: 0.6398 | Best: 0.6443 | lr: 2.46e-04
Epoch 083 | Loss: 0.1102 | Val Acc: 0.6412 | Best: 0.6443 | lr: 2.34e-04
Epoch 084 | Loss: 0.1068 | Val Acc: 0.6432 | Best: 0.6443 | lr: 2.23e-04
Epoch 085 | Loss: 0.1013 | Val Acc: 0.6346 | Best: 0.6443 | lr: 2.12e-04
Epoch 086 | Loss: 0.1000 | Val Acc: 0.6469 | Best: 0.6469 | lr: 2.01e-04
Epoch 087 | Loss: 0.0949 | Val Acc: 0.6443 | Best: 0.6469 | lr: 1.90e-04
Epoch 088 | Loss: 0.0967 | Val Acc: 0.6428 | Best: 0.6469 | lr: 1.79e-04
Epoch 089 | Loss: 0.0887 | Val Acc: 0.6493 | Best: 0.6493 | lr: 1.69e-04
Epoch 090 | Loss: 0.0883 | Val Acc: 0.6451 | Best: 0.6493 | lr: 1.59e-04
Epoch 091 | Loss: 0.0870 | Val Acc: 0.6430 | Best: 0.6493 | lr: 1.49e-04
Epoch 092 | Loss: 0.0847 | Val Acc: 0.6471 | Best: 0.6493 | lr: 1.39e-04
Epoch 093 | Loss: 0.0805 | Val Acc: 0.6501 | Best: 0.6501 | lr: 1.30e-04
Epoch 094 | Loss: 0.0787 | Val Acc: 0.6478 | Best: 0.6501 | lr: 1.21e-04
Epoch 095 | Loss: 0.0753 | Val Acc: 0.6442 | Best: 0.6501 | lr: 1.12e-04
Epoch 096 | Loss: 0.0732 | Val Acc: 0.6533 | Best: 0.6533 | lr: 1.04e-04
Epoch 097 | Loss: 0.0705 | Val Acc: 0.6502 | Best: 0.6533 | lr: 9.55e-05
Epoch 098 | Loss: 0.0694 | Val Acc: 0.6473 | Best: 0.6533 | lr: 8.76e-05
Epoch 099 | Loss: 0.0671 | Val Acc: 0.6487 | Best: 0.6533 | lr: 8.00e-05
Epoch 100 | Loss: 0.0685 | Val Acc: 0.6507 | Best: 0.6533 | lr: 7.28e-05
Epoch 101 | Loss: 0.0647 | Val Acc: 0.6548 | Best: 0.6548 | lr: 6.59e-05
Epoch 102 | Loss: 0.0649 | Val Acc: 0.6536 | Best: 0.6548 | lr: 5.92e-05
Epoch 103 | Loss: 0.0613 | Val Acc: 0.6588 | Best: 0.6588 | lr: 5.30e-05
Epoch 104 | Loss: 0.0600 | Val Acc: 0.6539 | Best: 0.6588 | lr: 4.70e-05
Epoch 105 | Loss: 0.0601 | Val Acc: 0.6504 | Best: 0.6588 | lr: 4.14e-05
Epoch 106 | Loss: 0.0588 | Val Acc: 0.6557 | Best: 0.6588 | lr: 3.61e-05
Epoch 107 | Loss: 0.0560 | Val Acc: 0.6499 | Best: 0.6588 | lr: 3.12e-05
Epoch 108 | Loss: 0.0553 | Val Acc: 0.6554 | Best: 0.6588 | lr: 2.66e-05
Epoch 109 | Loss: 0.0564 | Val Acc: 0.6553 | Best: 0.6588 | lr: 2.24e-05
Epoch 110 | Loss: 0.0521 | Val Acc: 0.6522 | Best: 0.6588 | lr: 1.85e-05
Epoch 111 | Loss: 0.0522 | Val Acc: 0.6534 | Best: 0.6588 | lr: 1.50e-05
Epoch 112 | Loss: 0.0523 | Val Acc: 0.6568 | Best: 0.6588 | lr: 1.19e-05
Epoch 113 | Loss: 0.0512 | Val Acc: 0.6559 | Best: 0.6588 | lr: 9.11e-06
Epoch 114 | Loss: 0.0528 | Val Acc: 0.6570 | Best: 0.6588 | lr: 6.70e-06
Epoch 115 | Loss: 0.0512 | Val Acc: 0.6549 | Best: 0.6588 | lr: 4.66e-06
Epoch 116 | Loss: 0.0517 | Val Acc: 0.6514 | Best: 0.6588 | lr: 2.98e-06
Epoch 117 | Loss: 0.0524 | Val Acc: 0.6608 | Best: 0.6608 | lr: 1.68e-06
Epoch 118 | Loss: 0.0490 | Val Acc: 0.6569 | Best: 0.6608 | lr: 7.46e-07
Epoch 119 | Loss: 0.0503 | Val Acc: 0.6557 | Best: 0.6608 | lr: 1.87e-07
Epoch 120 | Loss: 0.0506 | Val Acc: 0.6541 | Best: 0.6608 | lr: 0.00e+00
raw : val 0.6608 | test 0.6994
==> Final Test Accuracy: 0.6994 (raw)
