nohup: ignoring input
Using device: cuda:2
VN cache: ogbg_ppa/processed/vn_cache/6df729602e67e58bb510 (compute once on first access)
num_tasks: 1, num_classes: 37
[I 2026-09-16 22:53:12,944] Using an existing study with name 'ppa_gcn_centroid_vn' instead of creating a new one.
Epoch 001 | Loss: 2.0052 | Val Acc: 0.4681 | Best: 0.4681
Epoch 002 | Loss: 1.3150 | Val Acc: 0.5002 | Best: 0.5002
Epoch 003 | Loss: 1.0645 | Val Acc: 0.5453 | Best: 0.5453
[I 2026-09-16 23:13:36,491] Trial 14 pruned. 
Epoch 001 | Loss: 2.0083 | Val Acc: 0.4361 | Best: 0.4361
Epoch 002 | Loss: 1.3211 | Val Acc: 0.5332 | Best: 0.5332
Epoch 003 | Loss: 1.0716 | Val Acc: 0.5347 | Best: 0.5347
[I 2026-09-16 23:37:10,667] Trial 15 pruned. 
Epoch 001 | Loss: 1.8179 | Val Acc: 0.4999 | Best: 0.4999
Epoch 002 | Loss: 1.1448 | Val Acc: 0.5245 | Best: 0.5245
Epoch 003 | Loss: 0.8965 | Val Acc: 0.5670 | Best: 0.5670
Epoch 004 | Loss: 0.7512 | Val Acc: 0.5904 | Best: 0.5904
Epoch 005 | Loss: 0.6468 | Val Acc: 0.6035 | Best: 0.6035
Epoch 006 | Loss: 0.5733 | Val Acc: 0.6073 | Best: 0.6073
Epoch 007 | Loss: 0.5197 | Val Acc: 0.6347 | Best: 0.6347
Epoch 008 | Loss: 0.4739 | Val Acc: 0.6251 | Best: 0.6347
Epoch 009 | Loss: 0.4314 | Val Acc: 0.6283 | Best: 0.6347
Epoch 010 | Loss: 0.4014 | Val Acc: 0.6252 | Best: 0.6347
Epoch 011 | Loss: 0.3730 | Val Acc: 0.6304 | Best: 0.6347
Epoch 012 | Loss: 0.3434 | Val Acc: 0.6332 | Best: 0.6347
Epoch 013 | Loss: 0.3224 | Val Acc: 0.6367 | Best: 0.6367
Epoch 014 | Loss: 0.3076 | Val Acc: 0.6559 | Best: 0.6559
Epoch 015 | Loss: 0.2879 | Val Acc: 0.6439 | Best: 0.6559
Epoch 016 | Loss: 0.2713 | Val Acc: 0.6449 | Best: 0.6559
Epoch 017 | Loss: 0.2609 | Val Acc: 0.6468 | Best: 0.6559
Epoch 018 | Loss: 0.2469 | Val Acc: 0.6532 | Best: 0.6559
Epoch 019 | Loss: 0.2347 | Val Acc: 0.6551 | Best: 0.6559
Epoch 020 | Loss: 0.2268 | Val Acc: 0.6467 | Best: 0.6559
[I 2026-09-17 02:13:02,980] Trial 16 finished with value: 0.6558980044345898 and parameters: {'lr': 0.000160505700038982, 'weight_decay': 1.0965160771089534e-05, 'drop_ratio': 0.3502004054765884, 'emb_dim': 384, 'num_layers': 4, 'num_sublayers': 1, 'batch_size': 16}. Best is trial 16 with value: 0.6558980044345898.
Epoch 001 | Loss: 1.9707 | Val Acc: 0.4777 | Best: 0.4777
Epoch 002 | Loss: 1.3065 | Val Acc: 0.5290 | Best: 0.5290
Epoch 003 | Loss: 1.0660 | Val Acc: 0.5431 | Best: 0.5431
[I 2026-09-17 02:38:36,514] Trial 17 pruned. 
Epoch 001 | Loss: 2.3220 | Val Acc: 0.3630 | Best: 0.3630
Epoch 002 | Loss: 1.4532 | Val Acc: 0.4864 | Best: 0.4864
Epoch 003 | Loss: 1.1547 | Val Acc: 0.4704 | Best: 0.4864
[I 2026-09-17 02:50:58,040] Trial 18 pruned. 
Epoch 001 | Loss: 1.8103 | Val Acc: 0.4552 | Best: 0.4552
Epoch 002 | Loss: 1.1433 | Val Acc: 0.5133 | Best: 0.5133
Epoch 003 | Loss: 0.8984 | Val Acc: 0.5530 | Best: 0.5530
Epoch 004 | Loss: 0.7535 | Val Acc: 0.5964 | Best: 0.5964
Epoch 005 | Loss: 0.6544 | Val Acc: 0.6043 | Best: 0.6043
Epoch 006 | Loss: 0.5849 | Val Acc: 0.5925 | Best: 0.6043
Epoch 007 | Loss: 0.5258 | Val Acc: 0.6193 | Best: 0.6193
Epoch 008 | Loss: 0.4870 | Val Acc: 0.6319 | Best: 0.6319
Epoch 009 | Loss: 0.4474 | Val Acc: 0.6343 | Best: 0.6343
Epoch 010 | Loss: 0.4152 | Val Acc: 0.6388 | Best: 0.6388
Epoch 011 | Loss: 0.3935 | Val Acc: 0.6196 | Best: 0.6388
Epoch 012 | Loss: 0.3695 | Val Acc: 0.6504 | Best: 0.6504
Epoch 013 | Loss: 0.3476 | Val Acc: 0.6517 | Best: 0.6517
Epoch 014 | Loss: 0.3343 | Val Acc: 0.6336 | Best: 0.6517
[I 2026-09-17 04:09:35,306] Trial 19 pruned. 
Epoch 001 | Loss: 2.0120 | Val Acc: 0.3981 | Best: 0.3981
Epoch 002 | Loss: 1.2312 | Val Acc: 0.4710 | Best: 0.4710
Epoch 003 | Loss: 0.9917 | Val Acc: 0.5190 | Best: 0.5190
[I 2026-09-17 04:38:10,299] Trial 20 pruned. 
Epoch 001 | Loss: 2.0316 | Val Acc: 0.4775 | Best: 0.4775
Epoch 002 | Loss: 1.3096 | Val Acc: 0.5211 | Best: 0.5211
Epoch 003 | Loss: 1.0544 | Val Acc: 0.5323 | Best: 0.5323
[I 2026-09-17 05:01:05,336] Trial 21 pruned. 
Epoch 001 | Loss: 1.8858 | Val Acc: 0.4253 | Best: 0.4253
Epoch 002 | Loss: 1.0838 | Val Acc: 0.5227 | Best: 0.5227
Epoch 003 | Loss: 0.8226 | Val Acc: 0.5483 | Best: 0.5483
[I 2026-09-17 05:11:14,008] Trial 22 pruned. 
Epoch 001 | Loss: 1.9967 | Val Acc: 0.4755 | Best: 0.4755
Epoch 002 | Loss: 1.3016 | Val Acc: 0.5236 | Best: 0.5236
Epoch 003 | Loss: 1.0529 | Val Acc: 0.5585 | Best: 0.5585
Epoch 004 | Loss: 0.8940 | Val Acc: 0.5758 | Best: 0.5758
Epoch 005 | Loss: 0.7839 | Val Acc: 0.5729 | Best: 0.5758
Epoch 006 | Loss: 0.7061 | Val Acc: 0.5885 | Best: 0.5885
Epoch 007 | Loss: 0.6415 | Val Acc: 0.6128 | Best: 0.6128
Epoch 008 | Loss: 0.5901 | Val Acc: 0.6245 | Best: 0.6245
Epoch 009 | Loss: 0.5453 | Val Acc: 0.6137 | Best: 0.6245
Epoch 010 | Loss: 0.5077 | Val Acc: 0.6074 | Best: 0.6245
Epoch 011 | Loss: 0.4782 | Val Acc: 0.6191 | Best: 0.6245
[I 2026-09-17 06:27:44,352] Trial 23 pruned. 
Epoch 001 | Loss: 1.9043 | Val Acc: 0.4795 | Best: 0.4795
Epoch 002 | Loss: 1.2102 | Val Acc: 0.5541 | Best: 0.5541
Epoch 003 | Loss: 0.9696 | Val Acc: 0.5481 | Best: 0.5541
Epoch 004 | Loss: 0.8180 | Val Acc: 0.5913 | Best: 0.5913
Epoch 005 | Loss: 0.7112 | Val Acc: 0.5944 | Best: 0.5944
Epoch 006 | Loss: 0.6337 | Val Acc: 0.5944 | Best: 0.5944
Epoch 007 | Loss: 0.5724 | Val Acc: 0.6096 | Best: 0.6096
Epoch 008 | Loss: 0.5227 | Val Acc: 0.6064 | Best: 0.6096
Epoch 009 | Loss: 0.4810 | Val Acc: 0.5897 | Best: 0.6096
Epoch 010 | Loss: 0.4524 | Val Acc: 0.6170 | Best: 0.6170
Epoch 011 | Loss: 0.4167 | Val Acc: 0.6174 | Best: 0.6174
[I 2026-09-17 07:43:07,393] Trial 24 pruned. 
Epoch 001 | Loss: 1.9774 | Val Acc: 0.4425 | Best: 0.4425
Epoch 002 | Loss: 1.2747 | Val Acc: 0.5527 | Best: 0.5527
Epoch 003 | Loss: 1.0278 | Val Acc: 0.5465 | Best: 0.5527
Epoch 004 | Loss: 0.8822 | Val Acc: 0.5823 | Best: 0.5823
Epoch 005 | Loss: 0.7760 | Val Acc: 0.5893 | Best: 0.5893
Epoch 006 | Loss: 0.6984 | Val Acc: 0.5896 | Best: 0.5896
Epoch 007 | Loss: 0.6352 | Val Acc: 0.5951 | Best: 0.5951
Epoch 008 | Loss: 0.5871 | Val Acc: 0.6105 | Best: 0.6105
Epoch 009 | Loss: 0.5433 | Val Acc: 0.6302 | Best: 0.6302
Epoch 010 | Loss: 0.5106 | Val Acc: 0.6258 | Best: 0.6302
Epoch 011 | Loss: 0.4782 | Val Acc: 0.6295 | Best: 0.6302
[I 2026-09-17 08:57:07,027] Trial 25 pruned. 
Epoch 001 | Loss: 1.9377 | Val Acc: 0.4528 | Best: 0.4528
Epoch 002 | Loss: 1.2071 | Val Acc: 0.5205 | Best: 0.5205
Epoch 003 | Loss: 0.9441 | Val Acc: 0.5637 | Best: 0.5637
Epoch 004 | Loss: 0.7821 | Val Acc: 0.5864 | Best: 0.5864
Epoch 005 | Loss: 0.6787 | Val Acc: 0.5931 | Best: 0.5931
Epoch 006 | Loss: 0.6023 | Val Acc: 0.6157 | Best: 0.6157
Epoch 007 | Loss: 0.5415 | Val Acc: 0.6085 | Best: 0.6157
Epoch 008 | Loss: 0.4916 | Val Acc: 0.6167 | Best: 0.6167
Epoch 009 | Loss: 0.4566 | Val Acc: 0.5959 | Best: 0.6167
Epoch 010 | Loss: 0.4251 | Val Acc: 0.6299 | Best: 0.6299
Epoch 011 | Loss: 0.3968 | Val Acc: 0.6505 | Best: 0.6505
Epoch 012 | Loss: 0.3750 | Val Acc: 0.6463 | Best: 0.6505
Epoch 013 | Loss: 0.3568 | Val Acc: 0.6408 | Best: 0.6505
Epoch 014 | Loss: 0.3354 | Val Acc: 0.6310 | Best: 0.6505
[I 2026-09-17 10:57:29,483] Trial 26 pruned. 
Epoch 001 | Loss: 2.0585 | Val Acc: 0.4494 | Best: 0.4494
Epoch 002 | Loss: 1.3607 | Val Acc: 0.5137 | Best: 0.5137
Epoch 003 | Loss: 1.1209 | Val Acc: 0.5483 | Best: 0.5483
[I 2026-09-17 11:16:43,398] Trial 27 pruned. 
Epoch 001 | Loss: 1.8693 | Val Acc: 0.5047 | Best: 0.5047
Epoch 002 | Loss: 1.1968 | Val Acc: 0.5492 | Best: 0.5492
Epoch 003 | Loss: 0.9464 | Val Acc: 0.5797 | Best: 0.5797
Epoch 004 | Loss: 0.7961 | Val Acc: 0.5985 | Best: 0.5985
Epoch 005 | Loss: 0.6961 | Val Acc: 0.6101 | Best: 0.6101
Epoch 006 | Loss: 0.6128 | Val Acc: 0.6149 | Best: 0.6149
Epoch 007 | Loss: 0.5580 | Val Acc: 0.6238 | Best: 0.6238
Epoch 008 | Loss: 0.5143 | Val Acc: 0.6186 | Best: 0.6238
Epoch 009 | Loss: 0.4696 | Val Acc: 0.6369 | Best: 0.6369
Epoch 010 | Loss: 0.4370 | Val Acc: 0.6282 | Best: 0.6369
Epoch 011 | Loss: 0.4085 | Val Acc: 0.6500 | Best: 0.6500
Epoch 012 | Loss: 0.3850 | Val Acc: 0.6344 | Best: 0.6500
Epoch 013 | Loss: 0.3617 | Val Acc: 0.6364 | Best: 0.6500
Epoch 014 | Loss: 0.3469 | Val Acc: 0.6500 | Best: 0.6500
[I 2026-09-17 12:44:46,070] Trial 28 pruned. 
Epoch 001 | Loss: 2.0056 | Val Acc: 0.4553 | Best: 0.4553
Epoch 002 | Loss: 1.3333 | Val Acc: 0.5103 | Best: 0.5103
Epoch 003 | Loss: 1.0905 | Val Acc: 0.5340 | Best: 0.5340
[I 2026-09-17 13:04:19,817] Trial 29 pruned. 
Epoch 001 | Loss: 2.3666 | Val Acc: 0.3712 | Best: 0.3712
Epoch 002 | Loss: 1.4718 | Val Acc: 0.4179 | Best: 0.4179
Epoch 003 | Loss: 1.1366 | Val Acc: 0.4676 | Best: 0.4676
[I 2026-09-17 13:20:25,383] Trial 30 pruned. 
Epoch 001 | Loss: 1.8057 | Val Acc: 0.4547 | Best: 0.4547
Epoch 002 | Loss: 1.0349 | Val Acc: 0.4198 | Best: 0.4547
Epoch 003 | Loss: 0.7866 | Val Acc: 0.5539 | Best: 0.5539
Epoch 004 | Loss: 0.6571 | Val Acc: 0.5646 | Best: 0.5646
Epoch 005 | Loss: 0.5693 | Val Acc: 0.5574 | Best: 0.5646
[I 2026-09-17 13:46:16,195] Trial 31 pruned. 
Epoch 001 | Loss: 1.8952 | Val Acc: 0.4321 | Best: 0.4321
