nohup: ignoring input
Using device: cuda:2 | seed: 22112
VN cache: ogbg_ppa/processed/vn_cache/6df729602e67e58bb510 (compute once on first access)
num_tasks: 1, num_classes: 37
Parameters: 2,021,437
epochs=300 warmup=5 amp=bf16 grad_clip=1.0 ema_decay=None
Epoch 001 | Loss: 2.0507 | Val Acc: 0.4207 | Best: 0.4207 | lr: 2.00e-04
Epoch 002 | Loss: 1.3367 | Val Acc: 0.5039 | Best: 0.5039 | lr: 3.00e-04
Epoch 003 | Loss: 1.0709 | Val Acc: 0.5355 | Best: 0.5355 | lr: 4.00e-04
Epoch 004 | Loss: 0.9139 | Val Acc: 0.5150 | Best: 0.5355 | lr: 5.00e-04
Epoch 005 | Loss: 0.8203 | Val Acc: 0.5596 | Best: 0.5596 | lr: 5.00e-04
Epoch 006 | Loss: 0.7121 | Val Acc: 0.5635 | Best: 0.5635 | lr: 5.00e-04
Epoch 007 | Loss: 0.6418 | Val Acc: 0.5988 | Best: 0.5988 | lr: 5.00e-04
Epoch 008 | Loss: 0.5818 | Val Acc: 0.5699 | Best: 0.5988 | lr: 5.00e-04
Epoch 009 | Loss: 0.5410 | Val Acc: 0.6085 | Best: 0.6085 | lr: 5.00e-04
Epoch 010 | Loss: 0.5133 | Val Acc: 0.5753 | Best: 0.6085 | lr: 5.00e-04
Epoch 011 | Loss: 0.4889 | Val Acc: 0.5874 | Best: 0.6085 | lr: 4.99e-04
Epoch 012 | Loss: 0.4734 | Val Acc: 0.6005 | Best: 0.6085 | lr: 4.99e-04
Epoch 013 | Loss: 0.4549 | Val Acc: 0.6065 | Best: 0.6085 | lr: 4.99e-04
Epoch 014 | Loss: 0.4423 | Val Acc: 0.6157 | Best: 0.6157 | lr: 4.99e-04
Epoch 015 | Loss: 0.4306 | Val Acc: 0.6312 | Best: 0.6312 | lr: 4.99e-04
Epoch 016 | Loss: 0.4243 | Val Acc: 0.6419 | Best: 0.6419 | lr: 4.98e-04
Epoch 017 | Loss: 0.4097 | Val Acc: 0.6225 | Best: 0.6419 | lr: 4.98e-04
Epoch 018 | Loss: 0.4045 | Val Acc: 0.6061 | Best: 0.6419 | lr: 4.98e-04
Epoch 019 | Loss: 0.3967 | Val Acc: 0.6316 | Best: 0.6419 | lr: 4.97e-04
Epoch 020 | Loss: 0.3960 | Val Acc: 0.6153 | Best: 0.6419 | lr: 4.97e-04
Epoch 021 | Loss: 0.3900 | Val Acc: 0.6149 | Best: 0.6419 | lr: 4.96e-04
Epoch 022 | Loss: 0.3837 | Val Acc: 0.5688 | Best: 0.6419 | lr: 4.96e-04
Epoch 023 | Loss: 0.3838 | Val Acc: 0.6184 | Best: 0.6419 | lr: 4.95e-04
Epoch 024 | Loss: 0.3792 | Val Acc: 0.6181 | Best: 0.6419 | lr: 4.95e-04
Epoch 025 | Loss: 0.3728 | Val Acc: 0.6260 | Best: 0.6419 | lr: 4.94e-04
Epoch 026 | Loss: 0.3755 | Val Acc: 0.6177 | Best: 0.6419 | lr: 4.94e-04
Epoch 027 | Loss: 0.3685 | Val Acc: 0.6202 | Best: 0.6419 | lr: 4.93e-04
Epoch 028 | Loss: 0.3670 | Val Acc: 0.6116 | Best: 0.6419 | lr: 4.93e-04
Epoch 029 | Loss: 0.3618 | Val Acc: 0.6272 | Best: 0.6419 | lr: 4.92e-04
Epoch 030 | Loss: 0.3638 | Val Acc: 0.6370 | Best: 0.6419 | lr: 4.91e-04
Epoch 031 | Loss: 0.3597 | Val Acc: 0.6069 | Best: 0.6419 | lr: 4.90e-04
Epoch 032 | Loss: 0.3604 | Val Acc: 0.6357 | Best: 0.6419 | lr: 4.90e-04
Epoch 033 | Loss: 0.3548 | Val Acc: 0.6317 | Best: 0.6419 | lr: 4.89e-04
Epoch 034 | Loss: 0.3530 | Val Acc: 0.6335 | Best: 0.6419 | lr: 4.88e-04
Epoch 035 | Loss: 0.3559 | Val Acc: 0.6274 | Best: 0.6419 | lr: 4.87e-04
Epoch 036 | Loss: 0.3513 | Val Acc: 0.6330 | Best: 0.6419 | lr: 4.86e-04
Epoch 037 | Loss: 0.3457 | Val Acc: 0.6349 | Best: 0.6419 | lr: 4.86e-04
Epoch 038 | Loss: 0.3421 | Val Acc: 0.6173 | Best: 0.6419 | lr: 4.85e-04
Epoch 039 | Loss: 0.3480 | Val Acc: 0.6308 | Best: 0.6419 | lr: 4.84e-04
Epoch 040 | Loss: 0.3440 | Val Acc: 0.6170 | Best: 0.6419 | lr: 4.83e-04
Epoch 041 | Loss: 0.3434 | Val Acc: 0.6164 | Best: 0.6419 | lr: 4.82e-04
Epoch 042 | Loss: 0.3385 | Val Acc: 0.6132 | Best: 0.6419 | lr: 4.81e-04
Epoch 043 | Loss: 0.3335 | Val Acc: 0.6357 | Best: 0.6419 | lr: 4.80e-04
Epoch 044 | Loss: 0.3366 | Val Acc: 0.5974 | Best: 0.6419 | lr: 4.79e-04
Epoch 045 | Loss: 0.3332 | Val Acc: 0.6194 | Best: 0.6419 | lr: 4.78e-04
Epoch 046 | Loss: 0.3362 | Val Acc: 0.5933 | Best: 0.6419 | lr: 4.77e-04
Epoch 047 | Loss: 0.3314 | Val Acc: 0.6200 | Best: 0.6419 | lr: 4.75e-04
Epoch 048 | Loss: 0.3330 | Val Acc: 0.6141 | Best: 0.6419 | lr: 4.74e-04
Epoch 049 | Loss: 0.3296 | Val Acc: 0.6393 | Best: 0.6419 | lr: 4.73e-04
Epoch 050 | Loss: 0.3339 | Val Acc: 0.6220 | Best: 0.6419 | lr: 4.72e-04
Epoch 051 | Loss: 0.3263 | Val Acc: 0.6058 | Best: 0.6419 | lr: 4.71e-04
Epoch 052 | Loss: 0.3250 | Val Acc: 0.6137 | Best: 0.6419 | lr: 4.69e-04
Epoch 053 | Loss: 0.3192 | Val Acc: 0.6334 | Best: 0.6419 | lr: 4.68e-04
Epoch 054 | Loss: 0.3181 | Val Acc: 0.6353 | Best: 0.6419 | lr: 4.67e-04
Epoch 055 | Loss: 0.3226 | Val Acc: 0.6275 | Best: 0.6419 | lr: 4.65e-04
Epoch 056 | Loss: 0.3216 | Val Acc: 0.6020 | Best: 0.6419 | lr: 4.64e-04
Epoch 057 | Loss: 0.3207 | Val Acc: 0.6162 | Best: 0.6419 | lr: 4.63e-04
Epoch 058 | Loss: 0.3144 | Val Acc: 0.6034 | Best: 0.6419 | lr: 4.61e-04
Epoch 059 | Loss: 0.3157 | Val Acc: 0.6241 | Best: 0.6419 | lr: 4.60e-04
Epoch 060 | Loss: 0.3118 | Val Acc: 0.6224 | Best: 0.6419 | lr: 4.58e-04
Epoch 061 | Loss: 0.3142 | Val Acc: 0.6002 | Best: 0.6419 | lr: 4.57e-04
Epoch 062 | Loss: 0.3164 | Val Acc: 0.6316 | Best: 0.6419 | lr: 4.55e-04
Epoch 063 | Loss: 0.3107 | Val Acc: 0.6404 | Best: 0.6419 | lr: 4.54e-04
Epoch 064 | Loss: 0.3112 | Val Acc: 0.6205 | Best: 0.6419 | lr: 4.52e-04
Epoch 065 | Loss: 0.3094 | Val Acc: 0.6251 | Best: 0.6419 | lr: 4.51e-04
Epoch 066 | Loss: 0.3064 | Val Acc: 0.6183 | Best: 0.6419 | lr: 4.49e-04
Epoch 067 | Loss: 0.3035 | Val Acc: 0.6147 | Best: 0.6419 | lr: 4.47e-04
Epoch 068 | Loss: 0.3098 | Val Acc: 0.6074 | Best: 0.6419 | lr: 4.46e-04
Epoch 069 | Loss: 0.3057 | Val Acc: 0.6200 | Best: 0.6419 | lr: 4.44e-04
Epoch 070 | Loss: 0.3021 | Val Acc: 0.5999 | Best: 0.6419 | lr: 4.42e-04
Epoch 071 | Loss: 0.3017 | Val Acc: 0.6250 | Best: 0.6419 | lr: 4.41e-04
Epoch 072 | Loss: 0.3019 | Val Acc: 0.6216 | Best: 0.6419 | lr: 4.39e-04
Epoch 073 | Loss: 0.2995 | Val Acc: 0.6270 | Best: 0.6419 | lr: 4.37e-04
Epoch 074 | Loss: 0.3006 | Val Acc: 0.6257 | Best: 0.6419 | lr: 4.35e-04
Epoch 075 | Loss: 0.3004 | Val Acc: 0.6360 | Best: 0.6419 | lr: 4.34e-04
Epoch 076 | Loss: 0.2942 | Val Acc: 0.6188 | Best: 0.6419 | lr: 4.32e-04
Epoch 077 | Loss: 0.3014 | Val Acc: 0.6249 | Best: 0.6419 | lr: 4.30e-04
Epoch 078 | Loss: 0.2972 | Val Acc: 0.6367 | Best: 0.6419 | lr: 4.28e-04
Epoch 079 | Loss: 0.2953 | Val Acc: 0.6150 | Best: 0.6419 | lr: 4.26e-04
Epoch 080 | Loss: 0.2919 | Val Acc: 0.6275 | Best: 0.6419 | lr: 4.24e-04
Epoch 081 | Loss: 0.2907 | Val Acc: 0.6363 | Best: 0.6419 | lr: 4.22e-04
Epoch 082 | Loss: 0.2902 | Val Acc: 0.6017 | Best: 0.6419 | lr: 4.21e-04
Epoch 083 | Loss: 0.2939 | Val Acc: 0.6259 | Best: 0.6419 | lr: 4.19e-04
Epoch 084 | Loss: 0.2889 | Val Acc: 0.6284 | Best: 0.6419 | lr: 4.17e-04
Epoch 085 | Loss: 0.2903 | Val Acc: 0.6119 | Best: 0.6419 | lr: 4.15e-04
Epoch 086 | Loss: 0.2837 | Val Acc: 0.6350 | Best: 0.6419 | lr: 4.13e-04
Epoch 087 | Loss: 0.2849 | Val Acc: 0.5786 | Best: 0.6419 | lr: 4.11e-04
Epoch 088 | Loss: 0.2843 | Val Acc: 0.6296 | Best: 0.6419 | lr: 4.09e-04
Epoch 089 | Loss: 0.2881 | Val Acc: 0.6434 | Best: 0.6434 | lr: 4.06e-04
Epoch 090 | Loss: 0.2869 | Val Acc: 0.6155 | Best: 0.6434 | lr: 4.04e-04
Epoch 091 | Loss: 0.2798 | Val Acc: 0.5969 | Best: 0.6434 | lr: 4.02e-04
Epoch 092 | Loss: 0.2777 | Val Acc: 0.6211 | Best: 0.6434 | lr: 4.00e-04
Epoch 093 | Loss: 0.2759 | Val Acc: 0.6256 | Best: 0.6434 | lr: 3.98e-04
Epoch 094 | Loss: 0.2756 | Val Acc: 0.6095 | Best: 0.6434 | lr: 3.96e-04
Epoch 095 | Loss: 0.2800 | Val Acc: 0.6048 | Best: 0.6434 | lr: 3.94e-04
Epoch 096 | Loss: 0.2782 | Val Acc: 0.6209 | Best: 0.6434 | lr: 3.92e-04
Epoch 097 | Loss: 0.2777 | Val Acc: 0.6178 | Best: 0.6434 | lr: 3.89e-04
Epoch 098 | Loss: 0.2774 | Val Acc: 0.6350 | Best: 0.6434 | lr: 3.87e-04
Epoch 099 | Loss: 0.2746 | Val Acc: 0.6039 | Best: 0.6434 | lr: 3.85e-04
Epoch 100 | Loss: 0.2731 | Val Acc: 0.6307 | Best: 0.6434 | lr: 3.83e-04
Epoch 101 | Loss: 0.2730 | Val Acc: 0.6411 | Best: 0.6434 | lr: 3.80e-04
Epoch 102 | Loss: 0.2698 | Val Acc: 0.6086 | Best: 0.6434 | lr: 3.78e-04
