nohup: ignoring input
Using device: cuda:2 | seed: 67
VN cache: ogbg_ppa/processed/vn_cache/6df729602e67e58bb510 (compute once on first access)
num_tasks: 1, num_classes: 37
Parameters: 2,021,437
epochs=200 warmup=5 amp=bf16 grad_clip=1.0 ema_decay=None
Epoch 001 | Loss: 1.8563 | Val Acc: 0.4412 | Best: 0.4412 | lr: 4.00e-04
Epoch 002 | Loss: 1.2642 | Val Acc: 0.5097 | Best: 0.5097 | lr: 6.00e-04
Epoch 003 | Loss: 1.0207 | Val Acc: 0.4881 | Best: 0.5097 | lr: 8.00e-04
Epoch 004 | Loss: 0.8864 | Val Acc: 0.5257 | Best: 0.5257 | lr: 1.00e-03
Epoch 005 | Loss: 0.8037 | Val Acc: 0.5464 | Best: 0.5464 | lr: 1.00e-03
Epoch 006 | Loss: 0.7160 | Val Acc: 0.5550 | Best: 0.5550 | lr: 1.00e-03
Epoch 007 | Loss: 0.6634 | Val Acc: 0.5735 | Best: 0.5735 | lr: 1.00e-03
Epoch 008 | Loss: 0.6317 | Val Acc: 0.5452 | Best: 0.5735 | lr: 9.99e-04
Epoch 009 | Loss: 0.5993 | Val Acc: 0.5682 | Best: 0.5735 | lr: 9.99e-04
Epoch 010 | Loss: 0.5762 | Val Acc: 0.5288 | Best: 0.5735 | lr: 9.98e-04
Epoch 011 | Loss: 0.5602 | Val Acc: 0.5497 | Best: 0.5735 | lr: 9.98e-04
Epoch 012 | Loss: 0.5495 | Val Acc: 0.5761 | Best: 0.5761 | lr: 9.97e-04
Epoch 013 | Loss: 0.5366 | Val Acc: 0.5721 | Best: 0.5761 | lr: 9.96e-04
Epoch 014 | Loss: 0.5313 | Val Acc: 0.6050 | Best: 0.6050 | lr: 9.95e-04
Epoch 015 | Loss: 0.5224 | Val Acc: 0.5949 | Best: 0.6050 | lr: 9.94e-04
Epoch 016 | Loss: 0.5101 | Val Acc: 0.5463 | Best: 0.6050 | lr: 9.92e-04
Epoch 017 | Loss: 0.5068 | Val Acc: 0.5666 | Best: 0.6050 | lr: 9.91e-04
Epoch 018 | Loss: 0.5023 | Val Acc: 0.5727 | Best: 0.6050 | lr: 9.89e-04
Epoch 019 | Loss: 0.4948 | Val Acc: 0.5913 | Best: 0.6050 | lr: 9.87e-04
Epoch 020 | Loss: 0.4909 | Val Acc: 0.5246 | Best: 0.6050 | lr: 9.85e-04
Epoch 021 | Loss: 0.4838 | Val Acc: 0.5602 | Best: 0.6050 | lr: 9.83e-04
Epoch 022 | Loss: 0.4760 | Val Acc: 0.5510 | Best: 0.6050 | lr: 9.81e-04
Epoch 023 | Loss: 0.4720 | Val Acc: 0.5654 | Best: 0.6050 | lr: 9.79e-04
Epoch 024 | Loss: 0.4677 | Val Acc: 0.5712 | Best: 0.6050 | lr: 9.77e-04
Epoch 025 | Loss: 0.4670 | Val Acc: 0.5860 | Best: 0.6050 | lr: 9.74e-04
Epoch 026 | Loss: 0.4593 | Val Acc: 0.5999 | Best: 0.6050 | lr: 9.72e-04
Epoch 027 | Loss: 0.4589 | Val Acc: 0.5660 | Best: 0.6050 | lr: 9.69e-04
Epoch 028 | Loss: 0.4529 | Val Acc: 0.5386 | Best: 0.6050 | lr: 9.66e-04
Epoch 029 | Loss: 0.4541 | Val Acc: 0.6018 | Best: 0.6050 | lr: 9.63e-04
Epoch 030 | Loss: 0.4501 | Val Acc: 0.6039 | Best: 0.6050 | lr: 9.60e-04
Epoch 031 | Loss: 0.4479 | Val Acc: 0.5861 | Best: 0.6050 | lr: 9.57e-04
Epoch 032 | Loss: 0.4425 | Val Acc: 0.5661 | Best: 0.6050 | lr: 9.53e-04
Epoch 033 | Loss: 0.4411 | Val Acc: 0.5786 | Best: 0.6050 | lr: 9.50e-04
Epoch 034 | Loss: 0.4423 | Val Acc: 0.5685 | Best: 0.6050 | lr: 9.46e-04
Epoch 035 | Loss: 0.4378 | Val Acc: 0.5939 | Best: 0.6050 | lr: 9.43e-04
Epoch 036 | Loss: 0.4318 | Val Acc: 0.5596 | Best: 0.6050 | lr: 9.39e-04
Epoch 037 | Loss: 0.4357 | Val Acc: 0.5925 | Best: 0.6050 | lr: 9.35e-04
Epoch 038 | Loss: 0.4305 | Val Acc: 0.6065 | Best: 0.6065 | lr: 9.31e-04
Epoch 039 | Loss: 0.4271 | Val Acc: 0.5808 | Best: 0.6065 | lr: 9.27e-04
Epoch 040 | Loss: 0.4245 | Val Acc: 0.5823 | Best: 0.6065 | lr: 9.23e-04
Epoch 041 | Loss: 0.4241 | Val Acc: 0.6016 | Best: 0.6065 | lr: 9.18e-04
Epoch 042 | Loss: 0.4228 | Val Acc: 0.5745 | Best: 0.6065 | lr: 9.14e-04
Epoch 043 | Loss: 0.4212 | Val Acc: 0.6069 | Best: 0.6069 | lr: 9.09e-04
Epoch 044 | Loss: 0.4167 | Val Acc: 0.5740 | Best: 0.6069 | lr: 9.05e-04
Epoch 045 | Loss: 0.4121 | Val Acc: 0.5583 | Best: 0.6069 | lr: 9.00e-04
Epoch 046 | Loss: 0.4131 | Val Acc: 0.5894 | Best: 0.6069 | lr: 8.95e-04
Epoch 047 | Loss: 0.4086 | Val Acc: 0.5605 | Best: 0.6069 | lr: 8.90e-04
Epoch 048 | Loss: 0.4104 | Val Acc: 0.6269 | Best: 0.6269 | lr: 8.85e-04
Epoch 049 | Loss: 0.4067 | Val Acc: 0.5882 | Best: 0.6269 | lr: 8.80e-04
Epoch 050 | Loss: 0.4028 | Val Acc: 0.6032 | Best: 0.6269 | lr: 8.74e-04
Epoch 051 | Loss: 0.4056 | Val Acc: 0.6019 | Best: 0.6269 | lr: 8.69e-04
Epoch 052 | Loss: 0.3949 | Val Acc: 0.5981 | Best: 0.6269 | lr: 8.63e-04
Epoch 053 | Loss: 0.3976 | Val Acc: 0.5921 | Best: 0.6269 | lr: 8.58e-04
Epoch 054 | Loss: 0.3915 | Val Acc: 0.6021 | Best: 0.6269 | lr: 8.52e-04
Epoch 055 | Loss: 0.3934 | Val Acc: 0.6005 | Best: 0.6269 | lr: 8.46e-04
Epoch 056 | Loss: 0.3911 | Val Acc: 0.5919 | Best: 0.6269 | lr: 8.41e-04
Epoch 057 | Loss: 0.3905 | Val Acc: 0.5872 | Best: 0.6269 | lr: 8.35e-04
Epoch 058 | Loss: 0.3871 | Val Acc: 0.6267 | Best: 0.6269 | lr: 8.29e-04
Epoch 059 | Loss: 0.3862 | Val Acc: 0.6121 | Best: 0.6269 | lr: 8.22e-04
Epoch 060 | Loss: 0.3875 | Val Acc: 0.5759 | Best: 0.6269 | lr: 8.16e-04
Epoch 061 | Loss: 0.3800 | Val Acc: 0.5693 | Best: 0.6269 | lr: 8.10e-04
Epoch 062 | Loss: 0.3773 | Val Acc: 0.6064 | Best: 0.6269 | lr: 8.04e-04
Epoch 063 | Loss: 0.3815 | Val Acc: 0.6170 | Best: 0.6269 | lr: 7.97e-04
Epoch 064 | Loss: 0.3788 | Val Acc: 0.6109 | Best: 0.6269 | lr: 7.91e-04
Epoch 065 | Loss: 0.3696 | Val Acc: 0.6128 | Best: 0.6269 | lr: 7.84e-04
Epoch 066 | Loss: 0.3701 | Val Acc: 0.6134 | Best: 0.6269 | lr: 7.77e-04
Epoch 067 | Loss: 0.3728 | Val Acc: 0.6081 | Best: 0.6269 | lr: 7.71e-04
Epoch 068 | Loss: 0.3650 | Val Acc: 0.6224 | Best: 0.6269 | lr: 7.64e-04
Epoch 069 | Loss: 0.3659 | Val Acc: 0.6188 | Best: 0.6269 | lr: 7.57e-04
Epoch 070 | Loss: 0.3656 | Val Acc: 0.6071 | Best: 0.6269 | lr: 7.50e-04
Epoch 071 | Loss: 0.3588 | Val Acc: 0.5879 | Best: 0.6269 | lr: 7.43e-04
Epoch 072 | Loss: 0.3576 | Val Acc: 0.6246 | Best: 0.6269 | lr: 7.36e-04
Epoch 073 | Loss: 0.3547 | Val Acc: 0.6143 | Best: 0.6269 | lr: 7.29e-04
Epoch 074 | Loss: 0.3584 | Val Acc: 0.6135 | Best: 0.6269 | lr: 7.22e-04
Epoch 075 | Loss: 0.3523 | Val Acc: 0.6215 | Best: 0.6269 | lr: 7.14e-04
Epoch 076 | Loss: 0.3507 | Val Acc: 0.5920 | Best: 0.6269 | lr: 7.07e-04
Epoch 077 | Loss: 0.3477 | Val Acc: 0.6106 | Best: 0.6269 | lr: 7.00e-04
Epoch 078 | Loss: 0.3461 | Val Acc: 0.5864 | Best: 0.6269 | lr: 6.92e-04
Epoch 079 | Loss: 0.3454 | Val Acc: 0.5845 | Best: 0.6269 | lr: 6.85e-04
Epoch 080 | Loss: 0.3439 | Val Acc: 0.5914 | Best: 0.6269 | lr: 6.77e-04
Epoch 081 | Loss: 0.3390 | Val Acc: 0.6196 | Best: 0.6269 | lr: 6.70e-04
Epoch 082 | Loss: 0.3397 | Val Acc: 0.6242 | Best: 0.6269 | lr: 6.62e-04
Epoch 083 | Loss: 0.3401 | Val Acc: 0.6137 | Best: 0.6269 | lr: 6.55e-04
Epoch 084 | Loss: 0.3338 | Val Acc: 0.6091 | Best: 0.6269 | lr: 6.47e-04
Epoch 085 | Loss: 0.3362 | Val Acc: 0.6301 | Best: 0.6301 | lr: 6.39e-04
Epoch 086 | Loss: 0.3325 | Val Acc: 0.6422 | Best: 0.6422 | lr: 6.31e-04
Epoch 087 | Loss: 0.3281 | Val Acc: 0.6294 | Best: 0.6422 | lr: 6.24e-04
Epoch 088 | Loss: 0.3270 | Val Acc: 0.6235 | Best: 0.6422 | lr: 6.16e-04
Epoch 089 | Loss: 0.3253 | Val Acc: 0.6261 | Best: 0.6422 | lr: 6.08e-04
Epoch 090 | Loss: 0.3239 | Val Acc: 0.6125 | Best: 0.6422 | lr: 6.00e-04
Epoch 091 | Loss: 0.3191 | Val Acc: 0.6275 | Best: 0.6422 | lr: 5.92e-04
Epoch 092 | Loss: 0.3199 | Val Acc: 0.6220 | Best: 0.6422 | lr: 5.84e-04
Epoch 093 | Loss: 0.3168 | Val Acc: 0.6306 | Best: 0.6422 | lr: 5.76e-04
Epoch 094 | Loss: 0.3179 | Val Acc: 0.6280 | Best: 0.6422 | lr: 5.68e-04
Epoch 095 | Loss: 0.3147 | Val Acc: 0.6232 | Best: 0.6422 | lr: 5.60e-04
Epoch 096 | Loss: 0.3098 | Val Acc: 0.6430 | Best: 0.6430 | lr: 5.52e-04
Epoch 097 | Loss: 0.3079 | Val Acc: 0.6181 | Best: 0.6430 | lr: 5.44e-04
Epoch 098 | Loss: 0.3036 | Val Acc: 0.6156 | Best: 0.6430 | lr: 5.36e-04
Epoch 099 | Loss: 0.3039 | Val Acc: 0.6067 | Best: 0.6430 | lr: 5.28e-04
Epoch 100 | Loss: 0.3022 | Val Acc: 0.5993 | Best: 0.6430 | lr: 5.20e-04
Epoch 101 | Loss: 0.3008 | Val Acc: 0.6310 | Best: 0.6430 | lr: 5.12e-04
Epoch 102 | Loss: 0.2971 | Val Acc: 0.6387 | Best: 0.6430 | lr: 5.04e-04
Epoch 103 | Loss: 0.2941 | Val Acc: 0.6132 | Best: 0.6430 | lr: 4.96e-04
Epoch 104 | Loss: 0.2936 | Val Acc: 0.6257 | Best: 0.6430 | lr: 4.88e-04
Epoch 105 | Loss: 0.2931 | Val Acc: 0.6241 | Best: 0.6430 | lr: 4.80e-04
Epoch 106 | Loss: 0.2866 | Val Acc: 0.6408 | Best: 0.6430 | lr: 4.72e-04
Epoch 107 | Loss: 0.2869 | Val Acc: 0.6159 | Best: 0.6430 | lr: 4.64e-04
Epoch 108 | Loss: 0.2826 | Val Acc: 0.6267 | Best: 0.6430 | lr: 4.56e-04
Epoch 109 | Loss: 0.2804 | Val Acc: 0.6351 | Best: 0.6430 | lr: 4.48e-04
Epoch 110 | Loss: 0.2821 | Val Acc: 0.6314 | Best: 0.6430 | lr: 4.40e-04
Epoch 111 | Loss: 0.2737 | Val Acc: 0.6290 | Best: 0.6430 | lr: 4.32e-04
Epoch 112 | Loss: 0.2730 | Val Acc: 0.6373 | Best: 0.6430 | lr: 4.24e-04
Epoch 113 | Loss: 0.2711 | Val Acc: 0.6361 | Best: 0.6430 | lr: 4.16e-04
Epoch 114 | Loss: 0.2682 | Val Acc: 0.6375 | Best: 0.6430 | lr: 4.08e-04
Epoch 115 | Loss: 0.2660 | Val Acc: 0.6167 | Best: 0.6430 | lr: 4.00e-04
Epoch 116 | Loss: 0.2655 | Val Acc: 0.6485 | Best: 0.6485 | lr: 3.92e-04
Epoch 117 | Loss: 0.2602 | Val Acc: 0.6195 | Best: 0.6485 | lr: 3.84e-04
Epoch 118 | Loss: 0.2622 | Val Acc: 0.6299 | Best: 0.6485 | lr: 3.76e-04
Epoch 119 | Loss: 0.2585 | Val Acc: 0.6541 | Best: 0.6541 | lr: 3.69e-04
Epoch 120 | Loss: 0.2536 | Val Acc: 0.6419 | Best: 0.6541 | lr: 3.61e-04
Epoch 121 | Loss: 0.2532 | Val Acc: 0.6506 | Best: 0.6541 | lr: 3.53e-04
Epoch 122 | Loss: 0.2484 | Val Acc: 0.6456 | Best: 0.6541 | lr: 3.45e-04
Epoch 123 | Loss: 0.2500 | Val Acc: 0.6441 | Best: 0.6541 | lr: 3.38e-04
Epoch 124 | Loss: 0.2459 | Val Acc: 0.6559 | Best: 0.6559 | lr: 3.30e-04
Epoch 125 | Loss: 0.2429 | Val Acc: 0.6520 | Best: 0.6559 | lr: 3.23e-04
Epoch 126 | Loss: 0.2416 | Val Acc: 0.6397 | Best: 0.6559 | lr: 3.15e-04
Epoch 127 | Loss: 0.2400 | Val Acc: 0.6431 | Best: 0.6559 | lr: 3.08e-04
Epoch 128 | Loss: 0.2365 | Val Acc: 0.6384 | Best: 0.6559 | lr: 3.00e-04
Epoch 129 | Loss: 0.2326 | Val Acc: 0.6416 | Best: 0.6559 | lr: 2.93e-04
Epoch 130 | Loss: 0.2296 | Val Acc: 0.6382 | Best: 0.6559 | lr: 2.86e-04
Epoch 131 | Loss: 0.2280 | Val Acc: 0.6524 | Best: 0.6559 | lr: 2.78e-04
Epoch 132 | Loss: 0.2234 | Val Acc: 0.6439 | Best: 0.6559 | lr: 2.71e-04
Epoch 133 | Loss: 0.2234 | Val Acc: 0.6464 | Best: 0.6559 | lr: 2.64e-04
Epoch 134 | Loss: 0.2178 | Val Acc: 0.6434 | Best: 0.6559 | lr: 2.57e-04
Epoch 135 | Loss: 0.2211 | Val Acc: 0.6488 | Best: 0.6559 | lr: 2.50e-04
Epoch 136 | Loss: 0.2151 | Val Acc: 0.6529 | Best: 0.6559 | lr: 2.43e-04
Epoch 137 | Loss: 0.2150 | Val Acc: 0.6494 | Best: 0.6559 | lr: 2.36e-04
Epoch 138 | Loss: 0.2091 | Val Acc: 0.6467 | Best: 0.6559 | lr: 2.29e-04
Epoch 139 | Loss: 0.2071 | Val Acc: 0.6595 | Best: 0.6595 | lr: 2.23e-04
Epoch 140 | Loss: 0.2048 | Val Acc: 0.6487 | Best: 0.6595 | lr: 2.16e-04
Epoch 141 | Loss: 0.2046 | Val Acc: 0.6458 | Best: 0.6595 | lr: 2.09e-04
Epoch 142 | Loss: 0.2008 | Val Acc: 0.6544 | Best: 0.6595 | lr: 2.03e-04
Epoch 143 | Loss: 0.1936 | Val Acc: 0.6585 | Best: 0.6595 | lr: 1.96e-04
Epoch 144 | Loss: 0.1952 | Val Acc: 0.6384 | Best: 0.6595 | lr: 1.90e-04
Epoch 145 | Loss: 0.1925 | Val Acc: 0.6493 | Best: 0.6595 | lr: 1.84e-04
Epoch 146 | Loss: 0.1908 | Val Acc: 0.6673 | Best: 0.6673 | lr: 1.78e-04
Epoch 147 | Loss: 0.1858 | Val Acc: 0.6410 | Best: 0.6673 | lr: 1.71e-04
Epoch 148 | Loss: 0.1835 | Val Acc: 0.6702 | Best: 0.6702 | lr: 1.65e-04
Epoch 149 | Loss: 0.1806 | Val Acc: 0.6667 | Best: 0.6702 | lr: 1.59e-04
Epoch 150 | Loss: 0.1781 | Val Acc: 0.6631 | Best: 0.6702 | lr: 1.54e-04
Epoch 151 | Loss: 0.1744 | Val Acc: 0.6533 | Best: 0.6702 | lr: 1.48e-04
Epoch 152 | Loss: 0.1739 | Val Acc: 0.6527 | Best: 0.6702 | lr: 1.42e-04
Epoch 153 | Loss: 0.1718 | Val Acc: 0.6605 | Best: 0.6702 | lr: 1.37e-04
Epoch 154 | Loss: 0.1708 | Val Acc: 0.6543 | Best: 0.6702 | lr: 1.31e-04
Epoch 155 | Loss: 0.1650 | Val Acc: 0.6638 | Best: 0.6702 | lr: 1.26e-04
Epoch 156 | Loss: 0.1637 | Val Acc: 0.6627 | Best: 0.6702 | lr: 1.20e-04
Epoch 157 | Loss: 0.1606 | Val Acc: 0.6698 | Best: 0.6702 | lr: 1.15e-04
Epoch 158 | Loss: 0.1581 | Val Acc: 0.6655 | Best: 0.6702 | lr: 1.10e-04
Epoch 159 | Loss: 0.1559 | Val Acc: 0.6709 | Best: 0.6709 | lr: 1.05e-04
Epoch 160 | Loss: 0.1541 | Val Acc: 0.6720 | Best: 0.6720 | lr: 1.00e-04
Epoch 161 | Loss: 0.1514 | Val Acc: 0.6678 | Best: 0.6720 | lr: 9.55e-05
Epoch 162 | Loss: 0.1501 | Val Acc: 0.6681 | Best: 0.6720 | lr: 9.08e-05
Epoch 163 | Loss: 0.1459 | Val Acc: 0.6646 | Best: 0.6720 | lr: 8.62e-05
Epoch 164 | Loss: 0.1447 | Val Acc: 0.6584 | Best: 0.6720 | lr: 8.18e-05
Epoch 165 | Loss: 0.1405 | Val Acc: 0.6590 | Best: 0.6720 | lr: 7.74e-05
Epoch 166 | Loss: 0.1384 | Val Acc: 0.6693 | Best: 0.6720 | lr: 7.32e-05
Epoch 167 | Loss: 0.1365 | Val Acc: 0.6680 | Best: 0.6720 | lr: 6.90e-05
Epoch 168 | Loss: 0.1345 | Val Acc: 0.6665 | Best: 0.6720 | lr: 6.50e-05
Epoch 169 | Loss: 0.1328 | Val Acc: 0.6673 | Best: 0.6720 | lr: 6.11e-05
Epoch 170 | Loss: 0.1298 | Val Acc: 0.6602 | Best: 0.6720 | lr: 5.73e-05
Epoch 171 | Loss: 0.1282 | Val Acc: 0.6717 | Best: 0.6720 | lr: 5.36e-05
Epoch 172 | Loss: 0.1268 | Val Acc: 0.6675 | Best: 0.6720 | lr: 5.00e-05
Epoch 173 | Loss: 0.1253 | Val Acc: 0.6722 | Best: 0.6722 | lr: 4.66e-05
Epoch 174 | Loss: 0.1224 | Val Acc: 0.6744 | Best: 0.6744 | lr: 4.32e-05
Epoch 175 | Loss: 0.1201 | Val Acc: 0.6711 | Best: 0.6744 | lr: 4.00e-05
Epoch 176 | Loss: 0.1191 | Val Acc: 0.6759 | Best: 0.6759 | lr: 3.69e-05
Epoch 177 | Loss: 0.1153 | Val Acc: 0.6741 | Best: 0.6759 | lr: 3.39e-05
Epoch 178 | Loss: 0.1148 | Val Acc: 0.6733 | Best: 0.6759 | lr: 3.11e-05
Epoch 179 | Loss: 0.1149 | Val Acc: 0.6746 | Best: 0.6759 | lr: 2.83e-05
Epoch 180 | Loss: 0.1127 | Val Acc: 0.6776 | Best: 0.6776 | lr: 2.57e-05
Epoch 181 | Loss: 0.1107 | Val Acc: 0.6751 | Best: 0.6776 | lr: 2.32e-05
Epoch 182 | Loss: 0.1097 | Val Acc: 0.6722 | Best: 0.6776 | lr: 2.09e-05
Epoch 183 | Loss: 0.1063 | Val Acc: 0.6748 | Best: 0.6776 | lr: 1.86e-05
Epoch 184 | Loss: 0.1046 | Val Acc: 0.6742 | Best: 0.6776 | lr: 1.65e-05
Epoch 185 | Loss: 0.1042 | Val Acc: 0.6777 | Best: 0.6777 | lr: 1.45e-05
Epoch 186 | Loss: 0.1026 | Val Acc: 0.6745 | Best: 0.6777 | lr: 1.27e-05
Epoch 187 | Loss: 0.1016 | Val Acc: 0.6719 | Best: 0.6777 | lr: 1.09e-05
Epoch 188 | Loss: 0.1018 | Val Acc: 0.6763 | Best: 0.6777 | lr: 9.31e-06
Epoch 189 | Loss: 0.0969 | Val Acc: 0.6777 | Best: 0.6777 | lr: 7.83e-06
Epoch 190 | Loss: 0.0982 | Val Acc: 0.6739 | Best: 0.6777 | lr: 6.47e-06
Epoch 191 | Loss: 0.0985 | Val Acc: 0.6720 | Best: 0.6777 | lr: 5.25e-06
Epoch 192 | Loss: 0.0966 | Val Acc: 0.6744 | Best: 0.6777 | lr: 4.15e-06
Epoch 193 | Loss: 0.0981 | Val Acc: 0.6759 | Best: 0.6777 | lr: 3.18e-06
Epoch 194 | Loss: 0.0948 | Val Acc: 0.6756 | Best: 0.6777 | lr: 2.33e-06
Epoch 195 | Loss: 0.0951 | Val Acc: 0.6703 | Best: 0.6777 | lr: 1.62e-06
Epoch 196 | Loss: 0.0963 | Val Acc: 0.6780 | Best: 0.6780 | lr: 1.04e-06
Epoch 197 | Loss: 0.0950 | Val Acc: 0.6750 | Best: 0.6780 | lr: 5.84e-07
Epoch 198 | Loss: 0.0965 | Val Acc: 0.6776 | Best: 0.6780 | lr: 2.60e-07
Epoch 199 | Loss: 0.0951 | Val Acc: 0.6773 | Best: 0.6780 | lr: 6.49e-08
Epoch 200 | Loss: 0.0957 | Val Acc: 0.6798 | Best: 0.6798 | lr: 0.00e+00
raw : val 0.6798 | test 0.7072
==> Final Test Accuracy: 0.7072 (raw)
