nohup: ignoring input
Using device: cuda:2 | seed: 42
VN cache: ogbg_ppa/processed/vn_cache/6df729602e67e58bb510 (compute once on first access)
num_tasks: 1, num_classes: 37
Parameters: 2,021,437
epochs=150 warmup=5 amp=bf16 grad_clip=1.0 ema_decay=None
Epoch 001 | Loss: 1.8026 | Val Acc: 0.4906 | Best: 0.4906 | lr: 4.00e-04
Epoch 002 | Loss: 1.2247 | Val Acc: 0.5043 | Best: 0.5043 | lr: 6.00e-04
Epoch 003 | Loss: 1.0008 | Val Acc: 0.5035 | Best: 0.5043 | lr: 8.00e-04
Epoch 004 | Loss: 0.8682 | Val Acc: 0.5428 | Best: 0.5428 | lr: 1.00e-03
Epoch 005 | Loss: 0.7882 | Val Acc: 0.5052 | Best: 0.5428 | lr: 1.00e-03
Epoch 006 | Loss: 0.6952 | Val Acc: 0.5477 | Best: 0.5477 | lr: 1.00e-03
Epoch 007 | Loss: 0.6372 | Val Acc: 0.5706 | Best: 0.5706 | lr: 1.00e-03
Epoch 008 | Loss: 0.6052 | Val Acc: 0.5840 | Best: 0.5840 | lr: 9.99e-04
Epoch 009 | Loss: 0.5771 | Val Acc: 0.5614 | Best: 0.5840 | lr: 9.98e-04
Epoch 010 | Loss: 0.5577 | Val Acc: 0.5910 | Best: 0.5910 | lr: 9.97e-04
Epoch 011 | Loss: 0.5439 | Val Acc: 0.6194 | Best: 0.6194 | lr: 9.96e-04
Epoch 012 | Loss: 0.5320 | Val Acc: 0.5999 | Best: 0.6194 | lr: 9.94e-04
Epoch 013 | Loss: 0.5256 | Val Acc: 0.6015 | Best: 0.6194 | lr: 9.93e-04
Epoch 014 | Loss: 0.5155 | Val Acc: 0.5949 | Best: 0.6194 | lr: 9.91e-04
Epoch 015 | Loss: 0.5116 | Val Acc: 0.5952 | Best: 0.6194 | lr: 9.88e-04
Epoch 016 | Loss: 0.5008 | Val Acc: 0.5968 | Best: 0.6194 | lr: 9.86e-04
Epoch 017 | Loss: 0.4970 | Val Acc: 0.5706 | Best: 0.6194 | lr: 9.83e-04
Epoch 018 | Loss: 0.4857 | Val Acc: 0.5652 | Best: 0.6194 | lr: 9.80e-04
Epoch 019 | Loss: 0.4832 | Val Acc: 0.5869 | Best: 0.6194 | lr: 9.77e-04
Epoch 020 | Loss: 0.4757 | Val Acc: 0.5539 | Best: 0.6194 | lr: 9.74e-04
Epoch 021 | Loss: 0.4707 | Val Acc: 0.5989 | Best: 0.6194 | lr: 9.70e-04
Epoch 022 | Loss: 0.4657 | Val Acc: 0.5788 | Best: 0.6194 | lr: 9.66e-04
Epoch 023 | Loss: 0.4676 | Val Acc: 0.5360 | Best: 0.6194 | lr: 9.62e-04
Epoch 024 | Loss: 0.4616 | Val Acc: 0.5849 | Best: 0.6194 | lr: 9.58e-04
Epoch 025 | Loss: 0.4577 | Val Acc: 0.5417 | Best: 0.6194 | lr: 9.54e-04
Epoch 026 | Loss: 0.4525 | Val Acc: 0.5709 | Best: 0.6194 | lr: 9.49e-04
Epoch 027 | Loss: 0.4523 | Val Acc: 0.5722 | Best: 0.6194 | lr: 9.44e-04
Epoch 028 | Loss: 0.4441 | Val Acc: 0.6041 | Best: 0.6194 | lr: 9.39e-04
Epoch 029 | Loss: 0.4418 | Val Acc: 0.6054 | Best: 0.6194 | lr: 9.34e-04
Epoch 030 | Loss: 0.4382 | Val Acc: 0.5661 | Best: 0.6194 | lr: 9.28e-04
Epoch 031 | Loss: 0.4364 | Val Acc: 0.5884 | Best: 0.6194 | lr: 9.23e-04
Epoch 032 | Loss: 0.4314 | Val Acc: 0.6151 | Best: 0.6194 | lr: 9.17e-04
Epoch 033 | Loss: 0.4287 | Val Acc: 0.5792 | Best: 0.6194 | lr: 9.11e-04
Epoch 034 | Loss: 0.4244 | Val Acc: 0.5843 | Best: 0.6194 | lr: 9.05e-04
Epoch 035 | Loss: 0.4224 | Val Acc: 0.5872 | Best: 0.6194 | lr: 8.98e-04
Epoch 036 | Loss: 0.4215 | Val Acc: 0.5802 | Best: 0.6194 | lr: 8.91e-04
Epoch 037 | Loss: 0.4165 | Val Acc: 0.5006 | Best: 0.6194 | lr: 8.85e-04
Epoch 038 | Loss: 0.4145 | Val Acc: 0.5674 | Best: 0.6194 | lr: 8.78e-04
Epoch 039 | Loss: 0.4140 | Val Acc: 0.5778 | Best: 0.6194 | lr: 8.70e-04
Epoch 040 | Loss: 0.4058 | Val Acc: 0.5771 | Best: 0.6194 | lr: 8.63e-04
Epoch 041 | Loss: 0.4077 | Val Acc: 0.5648 | Best: 0.6194 | lr: 8.55e-04
Epoch 042 | Loss: 0.3988 | Val Acc: 0.5920 | Best: 0.6194 | lr: 8.48e-04
Epoch 043 | Loss: 0.4032 | Val Acc: 0.6010 | Best: 0.6194 | lr: 8.40e-04
Epoch 044 | Loss: 0.3964 | Val Acc: 0.6031 | Best: 0.6194 | lr: 8.32e-04
Epoch 045 | Loss: 0.3980 | Val Acc: 0.5493 | Best: 0.6194 | lr: 8.24e-04
Epoch 046 | Loss: 0.3942 | Val Acc: 0.5264 | Best: 0.6194 | lr: 8.15e-04
Epoch 047 | Loss: 0.3891 | Val Acc: 0.5885 | Best: 0.6194 | lr: 8.07e-04
Epoch 048 | Loss: 0.3797 | Val Acc: 0.5746 | Best: 0.6194 | lr: 7.98e-04
Epoch 049 | Loss: 0.3835 | Val Acc: 0.5914 | Best: 0.6194 | lr: 7.89e-04
Epoch 050 | Loss: 0.3775 | Val Acc: 0.6097 | Best: 0.6194 | lr: 7.81e-04
Epoch 051 | Loss: 0.3780 | Val Acc: 0.5894 | Best: 0.6194 | lr: 7.72e-04
Epoch 052 | Loss: 0.3730 | Val Acc: 0.6143 | Best: 0.6194 | lr: 7.62e-04
Epoch 053 | Loss: 0.3712 | Val Acc: 0.6132 | Best: 0.6194 | lr: 7.53e-04
Epoch 054 | Loss: 0.3685 | Val Acc: 0.6193 | Best: 0.6194 | lr: 7.44e-04
Epoch 055 | Loss: 0.3666 | Val Acc: 0.6045 | Best: 0.6194 | lr: 7.34e-04
Epoch 056 | Loss: 0.3654 | Val Acc: 0.6077 | Best: 0.6194 | lr: 7.25e-04
Epoch 057 | Loss: 0.3616 | Val Acc: 0.5871 | Best: 0.6194 | lr: 7.15e-04
Epoch 058 | Loss: 0.3568 | Val Acc: 0.5930 | Best: 0.6194 | lr: 7.05e-04
Epoch 059 | Loss: 0.3557 | Val Acc: 0.6182 | Best: 0.6194 | lr: 6.95e-04
Epoch 060 | Loss: 0.3548 | Val Acc: 0.5934 | Best: 0.6194 | lr: 6.85e-04
Epoch 061 | Loss: 0.3542 | Val Acc: 0.5841 | Best: 0.6194 | lr: 6.75e-04
Epoch 062 | Loss: 0.3480 | Val Acc: 0.5751 | Best: 0.6194 | lr: 6.65e-04
Epoch 063 | Loss: 0.3457 | Val Acc: 0.5875 | Best: 0.6194 | lr: 6.55e-04
Epoch 064 | Loss: 0.3424 | Val Acc: 0.6212 | Best: 0.6212 | lr: 6.44e-04
Epoch 065 | Loss: 0.3402 | Val Acc: 0.6017 | Best: 0.6212 | lr: 6.34e-04
Epoch 066 | Loss: 0.3366 | Val Acc: 0.6065 | Best: 0.6212 | lr: 6.23e-04
Epoch 067 | Loss: 0.3310 | Val Acc: 0.6146 | Best: 0.6212 | lr: 6.13e-04
Epoch 068 | Loss: 0.3284 | Val Acc: 0.5935 | Best: 0.6212 | lr: 6.02e-04
Epoch 069 | Loss: 0.3245 | Val Acc: 0.6242 | Best: 0.6242 | lr: 5.92e-04
Epoch 070 | Loss: 0.3231 | Val Acc: 0.6210 | Best: 0.6242 | lr: 5.81e-04
Epoch 071 | Loss: 0.3231 | Val Acc: 0.6079 | Best: 0.6242 | lr: 5.70e-04
Epoch 072 | Loss: 0.3198 | Val Acc: 0.6063 | Best: 0.6242 | lr: 5.59e-04
Epoch 073 | Loss: 0.3153 | Val Acc: 0.6314 | Best: 0.6314 | lr: 5.49e-04
Epoch 074 | Loss: 0.3124 | Val Acc: 0.6368 | Best: 0.6368 | lr: 5.38e-04
Epoch 075 | Loss: 0.3102 | Val Acc: 0.6235 | Best: 0.6368 | lr: 5.27e-04
Epoch 076 | Loss: 0.3088 | Val Acc: 0.6214 | Best: 0.6368 | lr: 5.16e-04
Epoch 077 | Loss: 0.3010 | Val Acc: 0.6160 | Best: 0.6368 | lr: 5.05e-04
Epoch 078 | Loss: 0.2992 | Val Acc: 0.6030 | Best: 0.6368 | lr: 4.95e-04
Epoch 079 | Loss: 0.2979 | Val Acc: 0.6181 | Best: 0.6368 | lr: 4.84e-04
Epoch 080 | Loss: 0.2920 | Val Acc: 0.6139 | Best: 0.6368 | lr: 4.73e-04
Epoch 081 | Loss: 0.2897 | Val Acc: 0.5963 | Best: 0.6368 | lr: 4.62e-04
Epoch 082 | Loss: 0.2835 | Val Acc: 0.6330 | Best: 0.6368 | lr: 4.51e-04
Epoch 083 | Loss: 0.2849 | Val Acc: 0.6103 | Best: 0.6368 | lr: 4.41e-04
Epoch 084 | Loss: 0.2785 | Val Acc: 0.6310 | Best: 0.6368 | lr: 4.30e-04
Epoch 085 | Loss: 0.2745 | Val Acc: 0.6030 | Best: 0.6368 | lr: 4.19e-04
Epoch 086 | Loss: 0.2707 | Val Acc: 0.6542 | Best: 0.6542 | lr: 4.08e-04
Epoch 087 | Loss: 0.2689 | Val Acc: 0.6129 | Best: 0.6542 | lr: 3.98e-04
Epoch 088 | Loss: 0.2673 | Val Acc: 0.6327 | Best: 0.6542 | lr: 3.87e-04
Epoch 089 | Loss: 0.2645 | Val Acc: 0.6284 | Best: 0.6542 | lr: 3.77e-04
Epoch 090 | Loss: 0.2557 | Val Acc: 0.6426 | Best: 0.6542 | lr: 3.66e-04
Epoch 091 | Loss: 0.2551 | Val Acc: 0.6411 | Best: 0.6542 | lr: 3.56e-04
Epoch 092 | Loss: 0.2510 | Val Acc: 0.6435 | Best: 0.6542 | lr: 3.45e-04
Epoch 093 | Loss: 0.2496 | Val Acc: 0.6426 | Best: 0.6542 | lr: 3.35e-04
Epoch 094 | Loss: 0.2422 | Val Acc: 0.6489 | Best: 0.6542 | lr: 3.25e-04
Epoch 095 | Loss: 0.2440 | Val Acc: 0.6450 | Best: 0.6542 | lr: 3.15e-04
Epoch 096 | Loss: 0.2400 | Val Acc: 0.6380 | Best: 0.6542 | lr: 3.05e-04
Epoch 097 | Loss: 0.2357 | Val Acc: 0.6492 | Best: 0.6542 | lr: 2.95e-04
Epoch 098 | Loss: 0.2329 | Val Acc: 0.6451 | Best: 0.6542 | lr: 2.85e-04
Epoch 099 | Loss: 0.2261 | Val Acc: 0.6429 | Best: 0.6542 | lr: 2.75e-04
Epoch 100 | Loss: 0.2272 | Val Acc: 0.6611 | Best: 0.6611 | lr: 2.66e-04
Epoch 101 | Loss: 0.2216 | Val Acc: 0.6502 | Best: 0.6611 | lr: 2.56e-04
Epoch 102 | Loss: 0.2165 | Val Acc: 0.6522 | Best: 0.6611 | lr: 2.47e-04
Epoch 103 | Loss: 0.2130 | Val Acc: 0.6532 | Best: 0.6611 | lr: 2.38e-04
Epoch 104 | Loss: 0.2117 | Val Acc: 0.6566 | Best: 0.6611 | lr: 2.28e-04
Epoch 105 | Loss: 0.2078 | Val Acc: 0.6381 | Best: 0.6611 | lr: 2.19e-04
Epoch 106 | Loss: 0.2054 | Val Acc: 0.6408 | Best: 0.6611 | lr: 2.11e-04
Epoch 107 | Loss: 0.1988 | Val Acc: 0.6478 | Best: 0.6611 | lr: 2.02e-04
Epoch 108 | Loss: 0.1947 | Val Acc: 0.6432 | Best: 0.6611 | lr: 1.93e-04
Epoch 109 | Loss: 0.1953 | Val Acc: 0.6500 | Best: 0.6611 | lr: 1.85e-04
Epoch 110 | Loss: 0.1896 | Val Acc: 0.6423 | Best: 0.6611 | lr: 1.76e-04
Epoch 111 | Loss: 0.1837 | Val Acc: 0.6518 | Best: 0.6611 | lr: 1.68e-04
Epoch 112 | Loss: 0.1840 | Val Acc: 0.6481 | Best: 0.6611 | lr: 1.60e-04
Epoch 113 | Loss: 0.1794 | Val Acc: 0.6610 | Best: 0.6611 | lr: 1.52e-04
Epoch 114 | Loss: 0.1753 | Val Acc: 0.6560 | Best: 0.6611 | lr: 1.45e-04
Epoch 115 | Loss: 0.1721 | Val Acc: 0.6659 | Best: 0.6659 | lr: 1.37e-04
Epoch 116 | Loss: 0.1684 | Val Acc: 0.6588 | Best: 0.6659 | lr: 1.30e-04
Epoch 117 | Loss: 0.1657 | Val Acc: 0.6637 | Best: 0.6659 | lr: 1.22e-04
Epoch 118 | Loss: 0.1629 | Val Acc: 0.6605 | Best: 0.6659 | lr: 1.15e-04
Epoch 119 | Loss: 0.1588 | Val Acc: 0.6584 | Best: 0.6659 | lr: 1.09e-04
Epoch 120 | Loss: 0.1535 | Val Acc: 0.6636 | Best: 0.6659 | lr: 1.02e-04
Epoch 121 | Loss: 0.1531 | Val Acc: 0.6679 | Best: 0.6679 | lr: 9.55e-05
Epoch 122 | Loss: 0.1489 | Val Acc: 0.6609 | Best: 0.6679 | lr: 8.92e-05
Epoch 123 | Loss: 0.1449 | Val Acc: 0.6693 | Best: 0.6693 | lr: 8.31e-05
Epoch 124 | Loss: 0.1422 | Val Acc: 0.6680 | Best: 0.6693 | lr: 7.73e-05
Epoch 125 | Loss: 0.1395 | Val Acc: 0.6714 | Best: 0.6714 | lr: 7.16e-05
Epoch 126 | Loss: 0.1372 | Val Acc: 0.6655 | Best: 0.6714 | lr: 6.61e-05
Epoch 127 | Loss: 0.1339 | Val Acc: 0.6707 | Best: 0.6714 | lr: 6.08e-05
Epoch 128 | Loss: 0.1322 | Val Acc: 0.6615 | Best: 0.6714 | lr: 5.57e-05
Epoch 129 | Loss: 0.1287 | Val Acc: 0.6681 | Best: 0.6714 | lr: 5.09e-05
Epoch 130 | Loss: 0.1252 | Val Acc: 0.6650 | Best: 0.6714 | lr: 4.62e-05
Epoch 131 | Loss: 0.1238 | Val Acc: 0.6735 | Best: 0.6735 | lr: 4.18e-05
Epoch 132 | Loss: 0.1201 | Val Acc: 0.6757 | Best: 0.6757 | lr: 3.75e-05
Epoch 133 | Loss: 0.1175 | Val Acc: 0.6721 | Best: 0.6757 | lr: 3.35e-05
Epoch 134 | Loss: 0.1151 | Val Acc: 0.6750 | Best: 0.6757 | lr: 2.97e-05
Epoch 135 | Loss: 0.1157 | Val Acc: 0.6749 | Best: 0.6757 | lr: 2.62e-05
Epoch 136 | Loss: 0.1128 | Val Acc: 0.6692 | Best: 0.6757 | lr: 2.28e-05
Epoch 137 | Loss: 0.1092 | Val Acc: 0.6761 | Best: 0.6761 | lr: 1.97e-05
Epoch 138 | Loss: 0.1096 | Val Acc: 0.6715 | Best: 0.6761 | lr: 1.68e-05
Epoch 139 | Loss: 0.1056 | Val Acc: 0.6748 | Best: 0.6761 | lr: 1.41e-05
Epoch 140 | Loss: 0.1062 | Val Acc: 0.6731 | Best: 0.6761 | lr: 1.17e-05
Epoch 141 | Loss: 0.1051 | Val Acc: 0.6763 | Best: 0.6763 | lr: 9.48e-06
Epoch 142 | Loss: 0.1027 | Val Acc: 0.6751 | Best: 0.6763 | lr: 7.49e-06
Epoch 143 | Loss: 0.1011 | Val Acc: 0.6750 | Best: 0.6763 | lr: 5.74e-06
Epoch 144 | Loss: 0.1013 | Val Acc: 0.6758 | Best: 0.6763 | lr: 4.22e-06
Epoch 145 | Loss: 0.0987 | Val Acc: 0.6777 | Best: 0.6777 | lr: 2.93e-06
Epoch 146 | Loss: 0.0976 | Val Acc: 0.6789 | Best: 0.6789 | lr: 1.88e-06
Epoch 147 | Loss: 0.0973 | Val Acc: 0.6772 | Best: 0.6789 | lr: 1.06e-06
Epoch 148 | Loss: 0.0988 | Val Acc: 0.6774 | Best: 0.6789 | lr: 4.69e-07
Epoch 149 | Loss: 0.0981 | Val Acc: 0.6797 | Best: 0.6797 | lr: 1.17e-07
Epoch 150 | Loss: 0.0981 | Val Acc: 0.6796 | Best: 0.6797 | lr: 0.00e+00
raw : val 0.6797 | test 0.7110
==> Final Test Accuracy: 0.7110 (raw)
