nohup: ignoring input
Using device: cuda:8 | seed: 221
VN cache: ogbg_ppa/processed/vn_cache/6df729602e67e58bb510 (compute once on first access)
num_tasks: 1, num_classes: 37
Parameters: 2,850,085
epochs=300 warmup=5 amp=bf16 grad_clip=1.0 ema_decay=None
Epoch 001 | Loss: 2.2099 | Val Acc: 0.4338 | Best: 0.4338 | lr: 6.42e-05
Epoch 002 | Loss: 1.4802 | Val Acc: 0.4777 | Best: 0.4777 | lr: 9.63e-05
Epoch 003 | Loss: 1.2060 | Val Acc: 0.4850 | Best: 0.4850 | lr: 1.28e-04
Epoch 004 | Loss: 1.0281 | Val Acc: 0.5286 | Best: 0.5286 | lr: 1.61e-04
Epoch 005 | Loss: 0.8976 | Val Acc: 0.5543 | Best: 0.5543 | lr: 1.61e-04
Epoch 006 | Loss: 0.7553 | Val Acc: 0.5662 | Best: 0.5662 | lr: 1.61e-04
Epoch 007 | Loss: 0.6592 | Val Acc: 0.5850 | Best: 0.5850 | lr: 1.60e-04
Epoch 008 | Loss: 0.5851 | Val Acc: 0.5680 | Best: 0.5850 | lr: 1.60e-04
Epoch 009 | Loss: 0.5319 | Val Acc: 0.6158 | Best: 0.6158 | lr: 1.60e-04
Epoch 010 | Loss: 0.4887 | Val Acc: 0.5955 | Best: 0.6158 | lr: 1.60e-04
Epoch 011 | Loss: 0.4516 | Val Acc: 0.6253 | Best: 0.6253 | lr: 1.60e-04
Epoch 012 | Loss: 0.4222 | Val Acc: 0.6343 | Best: 0.6343 | lr: 1.60e-04
Epoch 013 | Loss: 0.3981 | Val Acc: 0.6188 | Best: 0.6343 | lr: 1.60e-04
Epoch 014 | Loss: 0.3783 | Val Acc: 0.6307 | Best: 0.6343 | lr: 1.60e-04
Epoch 015 | Loss: 0.3540 | Val Acc: 0.6112 | Best: 0.6343 | lr: 1.60e-04
Epoch 016 | Loss: 0.3429 | Val Acc: 0.6315 | Best: 0.6343 | lr: 1.60e-04
Epoch 017 | Loss: 0.3228 | Val Acc: 0.6341 | Best: 0.6343 | lr: 1.60e-04
Epoch 018 | Loss: 0.3137 | Val Acc: 0.6324 | Best: 0.6343 | lr: 1.60e-04
Epoch 019 | Loss: 0.3034 | Val Acc: 0.6345 | Best: 0.6345 | lr: 1.60e-04
Epoch 020 | Loss: 0.2880 | Val Acc: 0.6459 | Best: 0.6459 | lr: 1.59e-04
Epoch 021 | Loss: 0.2788 | Val Acc: 0.6332 | Best: 0.6459 | lr: 1.59e-04
Epoch 022 | Loss: 0.2748 | Val Acc: 0.6265 | Best: 0.6459 | lr: 1.59e-04
Epoch 023 | Loss: 0.2584 | Val Acc: 0.6211 | Best: 0.6459 | lr: 1.59e-04
Epoch 024 | Loss: 0.2534 | Val Acc: 0.6388 | Best: 0.6459 | lr: 1.59e-04
Epoch 025 | Loss: 0.2449 | Val Acc: 0.6278 | Best: 0.6459 | lr: 1.59e-04
Epoch 026 | Loss: 0.2394 | Val Acc: 0.6584 | Best: 0.6584 | lr: 1.59e-04
Epoch 027 | Loss: 0.2344 | Val Acc: 0.6503 | Best: 0.6584 | lr: 1.58e-04
Epoch 028 | Loss: 0.2309 | Val Acc: 0.6438 | Best: 0.6584 | lr: 1.58e-04
Epoch 029 | Loss: 0.2182 | Val Acc: 0.6316 | Best: 0.6584 | lr: 1.58e-04
Epoch 030 | Loss: 0.2195 | Val Acc: 0.6452 | Best: 0.6584 | lr: 1.58e-04
Epoch 031 | Loss: 0.2172 | Val Acc: 0.6439 | Best: 0.6584 | lr: 1.57e-04
Epoch 032 | Loss: 0.2028 | Val Acc: 0.6443 | Best: 0.6584 | lr: 1.57e-04
Epoch 033 | Loss: 0.2057 | Val Acc: 0.6394 | Best: 0.6584 | lr: 1.57e-04
Epoch 034 | Loss: 0.1987 | Val Acc: 0.6422 | Best: 0.6584 | lr: 1.57e-04
Epoch 035 | Loss: 0.1954 | Val Acc: 0.6560 | Best: 0.6584 | lr: 1.56e-04
Epoch 036 | Loss: 0.1953 | Val Acc: 0.6496 | Best: 0.6584 | lr: 1.56e-04
Epoch 037 | Loss: 0.1901 | Val Acc: 0.6506 | Best: 0.6584 | lr: 1.56e-04
Epoch 038 | Loss: 0.1882 | Val Acc: 0.6483 | Best: 0.6584 | lr: 1.56e-04
Epoch 039 | Loss: 0.1828 | Val Acc: 0.6588 | Best: 0.6588 | lr: 1.55e-04
Epoch 040 | Loss: 0.1797 | Val Acc: 0.6540 | Best: 0.6588 | lr: 1.55e-04
Epoch 041 | Loss: 0.1784 | Val Acc: 0.6355 | Best: 0.6588 | lr: 1.55e-04
Epoch 042 | Loss: 0.1751 | Val Acc: 0.6569 | Best: 0.6588 | lr: 1.54e-04
Epoch 043 | Loss: 0.1722 | Val Acc: 0.6645 | Best: 0.6645 | lr: 1.54e-04
Epoch 044 | Loss: 0.1699 | Val Acc: 0.6462 | Best: 0.6645 | lr: 1.54e-04
Epoch 045 | Loss: 0.1687 | Val Acc: 0.6500 | Best: 0.6645 | lr: 1.53e-04
Epoch 046 | Loss: 0.1620 | Val Acc: 0.6507 | Best: 0.6645 | lr: 1.53e-04
Epoch 047 | Loss: 0.1633 | Val Acc: 0.6477 | Best: 0.6645 | lr: 1.53e-04
Epoch 048 | Loss: 0.1661 | Val Acc: 0.6563 | Best: 0.6645 | lr: 1.52e-04
Epoch 049 | Loss: 0.1628 | Val Acc: 0.6576 | Best: 0.6645 | lr: 1.52e-04
Epoch 050 | Loss: 0.1570 | Val Acc: 0.6605 | Best: 0.6645 | lr: 1.51e-04
Epoch 051 | Loss: 0.1580 | Val Acc: 0.6469 | Best: 0.6645 | lr: 1.51e-04
Epoch 052 | Loss: 0.1559 | Val Acc: 0.6547 | Best: 0.6645 | lr: 1.51e-04
Epoch 053 | Loss: 0.1552 | Val Acc: 0.6447 | Best: 0.6645 | lr: 1.50e-04
Epoch 054 | Loss: 0.1498 | Val Acc: 0.6602 | Best: 0.6645 | lr: 1.50e-04
Epoch 055 | Loss: 0.1464 | Val Acc: 0.6438 | Best: 0.6645 | lr: 1.49e-04
Epoch 056 | Loss: 0.1479 | Val Acc: 0.6592 | Best: 0.6645 | lr: 1.49e-04
Epoch 057 | Loss: 0.1436 | Val Acc: 0.6576 | Best: 0.6645 | lr: 1.49e-04
Epoch 058 | Loss: 0.1439 | Val Acc: 0.6535 | Best: 0.6645 | lr: 1.48e-04
Epoch 059 | Loss: 0.1419 | Val Acc: 0.6498 | Best: 0.6645 | lr: 1.48e-04
Epoch 060 | Loss: 0.1384 | Val Acc: 0.6573 | Best: 0.6645 | lr: 1.47e-04
Epoch 061 | Loss: 0.1384 | Val Acc: 0.6576 | Best: 0.6645 | lr: 1.47e-04
Epoch 062 | Loss: 0.1366 | Val Acc: 0.6600 | Best: 0.6645 | lr: 1.46e-04
Epoch 063 | Loss: 0.1400 | Val Acc: 0.6623 | Best: 0.6645 | lr: 1.46e-04
Epoch 064 | Loss: 0.1376 | Val Acc: 0.6724 | Best: 0.6724 | lr: 1.45e-04
Epoch 065 | Loss: 0.1372 | Val Acc: 0.6494 | Best: 0.6724 | lr: 1.45e-04
Epoch 066 | Loss: 0.1334 | Val Acc: 0.6526 | Best: 0.6724 | lr: 1.44e-04
Epoch 067 | Loss: 0.1333 | Val Acc: 0.6520 | Best: 0.6724 | lr: 1.44e-04
Epoch 068 | Loss: 0.1331 | Val Acc: 0.6629 | Best: 0.6724 | lr: 1.43e-04
Epoch 069 | Loss: 0.1302 | Val Acc: 0.6512 | Best: 0.6724 | lr: 1.43e-04
Epoch 070 | Loss: 0.1288 | Val Acc: 0.6566 | Best: 0.6724 | lr: 1.42e-04
Epoch 071 | Loss: 0.1287 | Val Acc: 0.6556 | Best: 0.6724 | lr: 1.41e-04
Epoch 072 | Loss: 0.1268 | Val Acc: 0.6618 | Best: 0.6724 | lr: 1.41e-04
Epoch 073 | Loss: 0.1271 | Val Acc: 0.6607 | Best: 0.6724 | lr: 1.40e-04
Epoch 074 | Loss: 0.1256 | Val Acc: 0.6705 | Best: 0.6724 | lr: 1.40e-04
Epoch 075 | Loss: 0.1230 | Val Acc: 0.6573 | Best: 0.6724 | lr: 1.39e-04
Epoch 076 | Loss: 0.1206 | Val Acc: 0.6637 | Best: 0.6724 | lr: 1.39e-04
Epoch 077 | Loss: 0.1198 | Val Acc: 0.6661 | Best: 0.6724 | lr: 1.38e-04
Epoch 078 | Loss: 0.1202 | Val Acc: 0.6688 | Best: 0.6724 | lr: 1.37e-04
Epoch 079 | Loss: 0.1225 | Val Acc: 0.6638 | Best: 0.6724 | lr: 1.37e-04
Epoch 080 | Loss: 0.1190 | Val Acc: 0.6578 | Best: 0.6724 | lr: 1.36e-04
Epoch 081 | Loss: 0.1157 | Val Acc: 0.6560 | Best: 0.6724 | lr: 1.36e-04
Epoch 082 | Loss: 0.1168 | Val Acc: 0.6633 | Best: 0.6724 | lr: 1.35e-04
Epoch 083 | Loss: 0.1142 | Val Acc: 0.6522 | Best: 0.6724 | lr: 1.34e-04
Epoch 084 | Loss: 0.1127 | Val Acc: 0.6601 | Best: 0.6724 | lr: 1.34e-04
Epoch 085 | Loss: 0.1155 | Val Acc: 0.6686 | Best: 0.6724 | lr: 1.33e-04
Epoch 086 | Loss: 0.1130 | Val Acc: 0.6720 | Best: 0.6724 | lr: 1.32e-04
Epoch 087 | Loss: 0.1122 | Val Acc: 0.6599 | Best: 0.6724 | lr: 1.32e-04
Epoch 088 | Loss: 0.1126 | Val Acc: 0.6684 | Best: 0.6724 | lr: 1.31e-04
Epoch 089 | Loss: 0.1106 | Val Acc: 0.6565 | Best: 0.6724 | lr: 1.30e-04
Epoch 090 | Loss: 0.1081 | Val Acc: 0.6609 | Best: 0.6724 | lr: 1.30e-04
Epoch 091 | Loss: 0.1043 | Val Acc: 0.6611 | Best: 0.6724 | lr: 1.29e-04
Epoch 092 | Loss: 0.1061 | Val Acc: 0.6635 | Best: 0.6724 | lr: 1.28e-04
Epoch 093 | Loss: 0.1093 | Val Acc: 0.6654 | Best: 0.6724 | lr: 1.28e-04
Epoch 094 | Loss: 0.1040 | Val Acc: 0.6619 | Best: 0.6724 | lr: 1.27e-04
Epoch 095 | Loss: 0.1044 | Val Acc: 0.6599 | Best: 0.6724 | lr: 1.26e-04
Epoch 096 | Loss: 0.1041 | Val Acc: 0.6672 | Best: 0.6724 | lr: 1.26e-04
Epoch 097 | Loss: 0.1041 | Val Acc: 0.6554 | Best: 0.6724 | lr: 1.25e-04
Epoch 098 | Loss: 0.1045 | Val Acc: 0.6600 | Best: 0.6724 | lr: 1.24e-04
Epoch 099 | Loss: 0.1057 | Val Acc: 0.6536 | Best: 0.6724 | lr: 1.24e-04
Epoch 100 | Loss: 0.0988 | Val Acc: 0.6636 | Best: 0.6724 | lr: 1.23e-04
Epoch 101 | Loss: 0.0981 | Val Acc: 0.6707 | Best: 0.6724 | lr: 1.22e-04
Epoch 102 | Loss: 0.1010 | Val Acc: 0.6612 | Best: 0.6724 | lr: 1.21e-04
Epoch 103 | Loss: 0.0949 | Val Acc: 0.6616 | Best: 0.6724 | lr: 1.21e-04
Epoch 104 | Loss: 0.0932 | Val Acc: 0.6666 | Best: 0.6724 | lr: 1.20e-04
Epoch 105 | Loss: 0.0955 | Val Acc: 0.6648 | Best: 0.6724 | lr: 1.19e-04
Epoch 106 | Loss: 0.0943 | Val Acc: 0.6619 | Best: 0.6724 | lr: 1.18e-04
Epoch 107 | Loss: 0.0946 | Val Acc: 0.6687 | Best: 0.6724 | lr: 1.18e-04
Epoch 108 | Loss: 0.0940 | Val Acc: 0.6697 | Best: 0.6724 | lr: 1.17e-04
Epoch 109 | Loss: 0.0923 | Val Acc: 0.6715 | Best: 0.6724 | lr: 1.16e-04
Epoch 110 | Loss: 0.0913 | Val Acc: 0.6590 | Best: 0.6724 | lr: 1.15e-04
Epoch 111 | Loss: 0.0925 | Val Acc: 0.6703 | Best: 0.6724 | lr: 1.15e-04
Epoch 112 | Loss: 0.0900 | Val Acc: 0.6608 | Best: 0.6724 | lr: 1.14e-04
Epoch 113 | Loss: 0.0885 | Val Acc: 0.6616 | Best: 0.6724 | lr: 1.13e-04
Epoch 114 | Loss: 0.0916 | Val Acc: 0.6645 | Best: 0.6724 | lr: 1.12e-04
Epoch 115 | Loss: 0.0902 | Val Acc: 0.6585 | Best: 0.6724 | lr: 1.11e-04
Epoch 116 | Loss: 0.0877 | Val Acc: 0.6738 | Best: 0.6738 | lr: 1.11e-04
Epoch 117 | Loss: 0.0858 | Val Acc: 0.6538 | Best: 0.6738 | lr: 1.10e-04
Epoch 118 | Loss: 0.0833 | Val Acc: 0.6742 | Best: 0.6742 | lr: 1.09e-04
Epoch 119 | Loss: 0.0853 | Val Acc: 0.6699 | Best: 0.6742 | lr: 1.08e-04
Epoch 120 | Loss: 0.0848 | Val Acc: 0.6585 | Best: 0.6742 | lr: 1.07e-04
Epoch 121 | Loss: 0.0872 | Val Acc: 0.6645 | Best: 0.6742 | lr: 1.07e-04
Epoch 122 | Loss: 0.0830 | Val Acc: 0.6668 | Best: 0.6742 | lr: 1.06e-04
Epoch 123 | Loss: 0.0789 | Val Acc: 0.6785 | Best: 0.6785 | lr: 1.05e-04
Epoch 124 | Loss: 0.0793 | Val Acc: 0.6761 | Best: 0.6785 | lr: 1.04e-04
Epoch 125 | Loss: 0.0784 | Val Acc: 0.6640 | Best: 0.6785 | lr: 1.03e-04
Epoch 126 | Loss: 0.0785 | Val Acc: 0.6677 | Best: 0.6785 | lr: 1.03e-04
Epoch 127 | Loss: 0.0756 | Val Acc: 0.6562 | Best: 0.6785 | lr: 1.02e-04
Epoch 128 | Loss: 0.0773 | Val Acc: 0.6703 | Best: 0.6785 | lr: 1.01e-04
Epoch 129 | Loss: 0.0785 | Val Acc: 0.6689 | Best: 0.6785 | lr: 1.00e-04
Epoch 130 | Loss: 0.0786 | Val Acc: 0.6695 | Best: 0.6785 | lr: 9.93e-05
Epoch 131 | Loss: 0.0770 | Val Acc: 0.6727 | Best: 0.6785 | lr: 9.85e-05
Epoch 132 | Loss: 0.0750 | Val Acc: 0.6780 | Best: 0.6785 | lr: 9.76e-05
Epoch 133 | Loss: 0.0757 | Val Acc: 0.6699 | Best: 0.6785 | lr: 9.68e-05
Epoch 134 | Loss: 0.0725 | Val Acc: 0.6766 | Best: 0.6785 | lr: 9.60e-05
Epoch 135 | Loss: 0.0706 | Val Acc: 0.6775 | Best: 0.6785 | lr: 9.51e-05
Epoch 136 | Loss: 0.0722 | Val Acc: 0.6723 | Best: 0.6785 | lr: 9.43e-05
Epoch 137 | Loss: 0.0734 | Val Acc: 0.6779 | Best: 0.6785 | lr: 9.34e-05
Epoch 138 | Loss: 0.0680 | Val Acc: 0.6695 | Best: 0.6785 | lr: 9.26e-05
Epoch 139 | Loss: 0.0722 | Val Acc: 0.6622 | Best: 0.6785 | lr: 9.18e-05
Epoch 140 | Loss: 0.0713 | Val Acc: 0.6725 | Best: 0.6785 | lr: 9.09e-05
Epoch 141 | Loss: 0.0678 | Val Acc: 0.6693 | Best: 0.6785 | lr: 9.01e-05
Epoch 142 | Loss: 0.0680 | Val Acc: 0.6692 | Best: 0.6785 | lr: 8.92e-05
Epoch 143 | Loss: 0.0674 | Val Acc: 0.6725 | Best: 0.6785 | lr: 8.84e-05
Epoch 144 | Loss: 0.0634 | Val Acc: 0.6702 | Best: 0.6785 | lr: 8.75e-05
Epoch 145 | Loss: 0.0619 | Val Acc: 0.6682 | Best: 0.6785 | lr: 8.67e-05
Epoch 146 | Loss: 0.0653 | Val Acc: 0.6614 | Best: 0.6785 | lr: 8.58e-05
Epoch 147 | Loss: 0.0632 | Val Acc: 0.6747 | Best: 0.6785 | lr: 8.50e-05
Epoch 148 | Loss: 0.0647 | Val Acc: 0.6717 | Best: 0.6785 | lr: 8.41e-05
Epoch 149 | Loss: 0.0608 | Val Acc: 0.6689 | Best: 0.6785 | lr: 8.32e-05
Epoch 150 | Loss: 0.0604 | Val Acc: 0.6665 | Best: 0.6785 | lr: 8.24e-05
Epoch 151 | Loss: 0.0596 | Val Acc: 0.6805 | Best: 0.6805 | lr: 8.15e-05
Epoch 152 | Loss: 0.0620 | Val Acc: 0.6758 | Best: 0.6805 | lr: 8.07e-05
Epoch 153 | Loss: 0.0602 | Val Acc: 0.6739 | Best: 0.6805 | lr: 7.98e-05
Epoch 154 | Loss: 0.0601 | Val Acc: 0.6760 | Best: 0.6805 | lr: 7.90e-05
Epoch 155 | Loss: 0.0568 | Val Acc: 0.6728 | Best: 0.6805 | lr: 7.81e-05
Epoch 156 | Loss: 0.0572 | Val Acc: 0.6643 | Best: 0.6805 | lr: 7.73e-05
Epoch 157 | Loss: 0.0561 | Val Acc: 0.6773 | Best: 0.6805 | lr: 7.64e-05
Epoch 158 | Loss: 0.0572 | Val Acc: 0.6713 | Best: 0.6805 | lr: 7.56e-05
Epoch 159 | Loss: 0.0534 | Val Acc: 0.6684 | Best: 0.6805 | lr: 7.47e-05
Epoch 160 | Loss: 0.0544 | Val Acc: 0.6620 | Best: 0.6805 | lr: 7.38e-05
Epoch 161 | Loss: 0.0533 | Val Acc: 0.6753 | Best: 0.6805 | lr: 7.30e-05
Epoch 162 | Loss: 0.0555 | Val Acc: 0.6750 | Best: 0.6805 | lr: 7.21e-05
Epoch 163 | Loss: 0.0526 | Val Acc: 0.6781 | Best: 0.6805 | lr: 7.13e-05
Epoch 164 | Loss: 0.0518 | Val Acc: 0.6655 | Best: 0.6805 | lr: 7.04e-05
Epoch 165 | Loss: 0.0496 | Val Acc: 0.6723 | Best: 0.6805 | lr: 6.96e-05
Epoch 166 | Loss: 0.0509 | Val Acc: 0.6831 | Best: 0.6831 | lr: 6.88e-05
Epoch 167 | Loss: 0.0492 | Val Acc: 0.6755 | Best: 0.6831 | lr: 6.79e-05
Epoch 168 | Loss: 0.0477 | Val Acc: 0.6783 | Best: 0.6831 | lr: 6.71e-05
Epoch 169 | Loss: 0.0493 | Val Acc: 0.6770 | Best: 0.6831 | lr: 6.62e-05
Epoch 170 | Loss: 0.0490 | Val Acc: 0.6839 | Best: 0.6839 | lr: 6.54e-05
Epoch 171 | Loss: 0.0484 | Val Acc: 0.6840 | Best: 0.6840 | lr: 6.45e-05
Epoch 172 | Loss: 0.0475 | Val Acc: 0.6678 | Best: 0.6840 | lr: 6.37e-05
Epoch 173 | Loss: 0.0459 | Val Acc: 0.6763 | Best: 0.6840 | lr: 6.29e-05
Epoch 174 | Loss: 0.0440 | Val Acc: 0.6548 | Best: 0.6840 | lr: 6.20e-05
Epoch 175 | Loss: 0.0440 | Val Acc: 0.6724 | Best: 0.6840 | lr: 6.12e-05
Epoch 176 | Loss: 0.0429 | Val Acc: 0.6739 | Best: 0.6840 | lr: 6.04e-05
Epoch 177 | Loss: 0.0447 | Val Acc: 0.6767 | Best: 0.6840 | lr: 5.96e-05
Epoch 178 | Loss: 0.0424 | Val Acc: 0.6765 | Best: 0.6840 | lr: 5.87e-05
Epoch 179 | Loss: 0.0425 | Val Acc: 0.6785 | Best: 0.6840 | lr: 5.79e-05
Epoch 180 | Loss: 0.0395 | Val Acc: 0.6740 | Best: 0.6840 | lr: 5.71e-05
Epoch 181 | Loss: 0.0384 | Val Acc: 0.6774 | Best: 0.6840 | lr: 5.63e-05
Epoch 182 | Loss: 0.0410 | Val Acc: 0.6805 | Best: 0.6840 | lr: 5.55e-05
Epoch 183 | Loss: 0.0419 | Val Acc: 0.6736 | Best: 0.6840 | lr: 5.46e-05
Epoch 184 | Loss: 0.0385 | Val Acc: 0.6757 | Best: 0.6840 | lr: 5.38e-05
Epoch 185 | Loss: 0.0380 | Val Acc: 0.6786 | Best: 0.6840 | lr: 5.30e-05
Epoch 186 | Loss: 0.0363 | Val Acc: 0.6812 | Best: 0.6840 | lr: 5.22e-05
Epoch 187 | Loss: 0.0371 | Val Acc: 0.6799 | Best: 0.6840 | lr: 5.14e-05
Epoch 188 | Loss: 0.0348 | Val Acc: 0.6818 | Best: 0.6840 | lr: 5.06e-05
Epoch 189 | Loss: 0.0361 | Val Acc: 0.6767 | Best: 0.6840 | lr: 4.98e-05
Epoch 190 | Loss: 0.0346 | Val Acc: 0.6686 | Best: 0.6840 | lr: 4.90e-05
Epoch 191 | Loss: 0.0337 | Val Acc: 0.6667 | Best: 0.6840 | lr: 4.83e-05
Epoch 192 | Loss: 0.0337 | Val Acc: 0.6778 | Best: 0.6840 | lr: 4.75e-05
Epoch 193 | Loss: 0.0327 | Val Acc: 0.6748 | Best: 0.6840 | lr: 4.67e-05
Epoch 194 | Loss: 0.0309 | Val Acc: 0.6809 | Best: 0.6840 | lr: 4.59e-05
Epoch 195 | Loss: 0.0329 | Val Acc: 0.6720 | Best: 0.6840 | lr: 4.52e-05
Epoch 196 | Loss: 0.0315 | Val Acc: 0.6820 | Best: 0.6840 | lr: 4.44e-05
Epoch 197 | Loss: 0.0308 | Val Acc: 0.6763 | Best: 0.6840 | lr: 4.36e-05
Epoch 198 | Loss: 0.0290 | Val Acc: 0.6786 | Best: 0.6840 | lr: 4.29e-05
Epoch 199 | Loss: 0.0294 | Val Acc: 0.6700 | Best: 0.6840 | lr: 4.21e-05
Epoch 200 | Loss: 0.0269 | Val Acc: 0.6823 | Best: 0.6840 | lr: 4.14e-05
Epoch 201 | Loss: 0.0292 | Val Acc: 0.6772 | Best: 0.6840 | lr: 4.06e-05
Epoch 202 | Loss: 0.0271 | Val Acc: 0.6806 | Best: 0.6840 | lr: 3.99e-05
Epoch 203 | Loss: 0.0271 | Val Acc: 0.6776 | Best: 0.6840 | lr: 3.91e-05
Epoch 204 | Loss: 0.0265 | Val Acc: 0.6850 | Best: 0.6850 | lr: 3.84e-05
Epoch 205 | Loss: 0.0267 | Val Acc: 0.6765 | Best: 0.6850 | lr: 3.77e-05
Epoch 206 | Loss: 0.0266 | Val Acc: 0.6784 | Best: 0.6850 | lr: 3.70e-05
Epoch 207 | Loss: 0.0242 | Val Acc: 0.6827 | Best: 0.6850 | lr: 3.62e-05
Epoch 208 | Loss: 0.0255 | Val Acc: 0.6713 | Best: 0.6850 | lr: 3.55e-05
Epoch 209 | Loss: 0.0254 | Val Acc: 0.6808 | Best: 0.6850 | lr: 3.48e-05
Epoch 210 | Loss: 0.0245 | Val Acc: 0.6831 | Best: 0.6850 | lr: 3.41e-05
Epoch 211 | Loss: 0.0232 | Val Acc: 0.6879 | Best: 0.6879 | lr: 3.34e-05
Epoch 212 | Loss: 0.0224 | Val Acc: 0.6851 | Best: 0.6879 | lr: 3.27e-05
Epoch 213 | Loss: 0.0226 | Val Acc: 0.6741 | Best: 0.6879 | lr: 3.21e-05
Epoch 214 | Loss: 0.0225 | Val Acc: 0.6816 | Best: 0.6879 | lr: 3.14e-05
Epoch 215 | Loss: 0.0197 | Val Acc: 0.6853 | Best: 0.6879 | lr: 3.07e-05
Epoch 216 | Loss: 0.0212 | Val Acc: 0.6938 | Best: 0.6938 | lr: 3.00e-05
Epoch 217 | Loss: 0.0197 | Val Acc: 0.6892 | Best: 0.6938 | lr: 2.94e-05
Epoch 218 | Loss: 0.0191 | Val Acc: 0.6849 | Best: 0.6938 | lr: 2.87e-05
Epoch 219 | Loss: 0.0188 | Val Acc: 0.6831 | Best: 0.6938 | lr: 2.81e-05
Epoch 220 | Loss: 0.0193 | Val Acc: 0.6817 | Best: 0.6938 | lr: 2.74e-05
Epoch 221 | Loss: 0.0191 | Val Acc: 0.6900 | Best: 0.6938 | lr: 2.68e-05
Epoch 222 | Loss: 0.0195 | Val Acc: 0.6862 | Best: 0.6938 | lr: 2.61e-05
Epoch 223 | Loss: 0.0174 | Val Acc: 0.6900 | Best: 0.6938 | lr: 2.55e-05
Epoch 224 | Loss: 0.0176 | Val Acc: 0.6865 | Best: 0.6938 | lr: 2.49e-05
Epoch 225 | Loss: 0.0177 | Val Acc: 0.6795 | Best: 0.6938 | lr: 2.43e-05
Epoch 226 | Loss: 0.0151 | Val Acc: 0.6870 | Best: 0.6938 | lr: 2.37e-05
Epoch 227 | Loss: 0.0158 | Val Acc: 0.6806 | Best: 0.6938 | lr: 2.31e-05
Epoch 228 | Loss: 0.0156 | Val Acc: 0.6873 | Best: 0.6938 | lr: 2.25e-05
Epoch 229 | Loss: 0.0169 | Val Acc: 0.6902 | Best: 0.6938 | lr: 2.19e-05
Epoch 230 | Loss: 0.0146 | Val Acc: 0.6840 | Best: 0.6938 | lr: 2.13e-05
Epoch 231 | Loss: 0.0145 | Val Acc: 0.6817 | Best: 0.6938 | lr: 2.07e-05
Epoch 232 | Loss: 0.0142 | Val Acc: 0.6843 | Best: 0.6938 | lr: 2.01e-05
Epoch 233 | Loss: 0.0150 | Val Acc: 0.6811 | Best: 0.6938 | lr: 1.96e-05
Epoch 234 | Loss: 0.0128 | Val Acc: 0.6828 | Best: 0.6938 | lr: 1.90e-05
Epoch 235 | Loss: 0.0138 | Val Acc: 0.6850 | Best: 0.6938 | lr: 1.85e-05
Epoch 236 | Loss: 0.0142 | Val Acc: 0.6821 | Best: 0.6938 | lr: 1.79e-05
Epoch 237 | Loss: 0.0137 | Val Acc: 0.6843 | Best: 0.6938 | lr: 1.74e-05
Epoch 238 | Loss: 0.0141 | Val Acc: 0.6862 | Best: 0.6938 | lr: 1.69e-05
Epoch 239 | Loss: 0.0127 | Val Acc: 0.6869 | Best: 0.6938 | lr: 1.63e-05
Epoch 240 | Loss: 0.0121 | Val Acc: 0.6860 | Best: 0.6938 | lr: 1.58e-05
Epoch 241 | Loss: 0.0127 | Val Acc: 0.6815 | Best: 0.6938 | lr: 1.53e-05
Epoch 242 | Loss: 0.0119 | Val Acc: 0.6873 | Best: 0.6938 | lr: 1.48e-05
Epoch 243 | Loss: 0.0112 | Val Acc: 0.6874 | Best: 0.6938 | lr: 1.43e-05
Epoch 244 | Loss: 0.0110 | Val Acc: 0.6885 | Best: 0.6938 | lr: 1.39e-05
Epoch 245 | Loss: 0.0107 | Val Acc: 0.6880 | Best: 0.6938 | lr: 1.34e-05
Epoch 246 | Loss: 0.0105 | Val Acc: 0.6792 | Best: 0.6938 | lr: 1.29e-05
Epoch 247 | Loss: 0.0101 | Val Acc: 0.6887 | Best: 0.6938 | lr: 1.24e-05
Epoch 248 | Loss: 0.0100 | Val Acc: 0.6892 | Best: 0.6938 | lr: 1.20e-05
Epoch 249 | Loss: 0.0096 | Val Acc: 0.6938 | Best: 0.6938 | lr: 1.15e-05
Epoch 250 | Loss: 0.0100 | Val Acc: 0.6896 | Best: 0.6938 | lr: 1.11e-05
Epoch 251 | Loss: 0.0099 | Val Acc: 0.6898 | Best: 0.6938 | lr: 1.07e-05
Epoch 252 | Loss: 0.0096 | Val Acc: 0.6889 | Best: 0.6938 | lr: 1.03e-05
Epoch 253 | Loss: 0.0102 | Val Acc: 0.6878 | Best: 0.6938 | lr: 9.84e-06
Epoch 254 | Loss: 0.0088 | Val Acc: 0.6909 | Best: 0.6938 | lr: 9.44e-06
Epoch 255 | Loss: 0.0092 | Val Acc: 0.6837 | Best: 0.6938 | lr: 9.04e-06
Epoch 256 | Loss: 0.0087 | Val Acc: 0.6860 | Best: 0.6938 | lr: 8.65e-06
Epoch 257 | Loss: 0.0071 | Val Acc: 0.6879 | Best: 0.6938 | lr: 8.27e-06
Epoch 258 | Loss: 0.0074 | Val Acc: 0.6865 | Best: 0.6938 | lr: 7.89e-06
Epoch 259 | Loss: 0.0086 | Val Acc: 0.6872 | Best: 0.6938 | lr: 7.53e-06
Epoch 260 | Loss: 0.0075 | Val Acc: 0.6893 | Best: 0.6938 | lr: 7.17e-06
Epoch 261 | Loss: 0.0079 | Val Acc: 0.6908 | Best: 0.6938 | lr: 6.82e-06
Epoch 262 | Loss: 0.0080 | Val Acc: 0.6886 | Best: 0.6938 | lr: 6.48e-06
Epoch 263 | Loss: 0.0073 | Val Acc: 0.6874 | Best: 0.6938 | lr: 6.15e-06
Epoch 264 | Loss: 0.0071 | Val Acc: 0.6892 | Best: 0.6938 | lr: 5.83e-06
Epoch 265 | Loss: 0.0071 | Val Acc: 0.6904 | Best: 0.6938 | lr: 5.51e-06
Epoch 266 | Loss: 0.0066 | Val Acc: 0.6894 | Best: 0.6938 | lr: 5.20e-06
Epoch 267 | Loss: 0.0064 | Val Acc: 0.6889 | Best: 0.6938 | lr: 4.91e-06
Epoch 268 | Loss: 0.0064 | Val Acc: 0.6899 | Best: 0.6938 | lr: 4.62e-06
Epoch 269 | Loss: 0.0069 | Val Acc: 0.6896 | Best: 0.6938 | lr: 4.33e-06
Epoch 270 | Loss: 0.0063 | Val Acc: 0.6869 | Best: 0.6938 | lr: 4.06e-06
Epoch 271 | Loss: 0.0070 | Val Acc: 0.6877 | Best: 0.6938 | lr: 3.80e-06
Epoch 272 | Loss: 0.0065 | Val Acc: 0.6893 | Best: 0.6938 | lr: 3.54e-06
Epoch 273 | Loss: 0.0067 | Val Acc: 0.6908 | Best: 0.6938 | lr: 3.29e-06
Epoch 274 | Loss: 0.0051 | Val Acc: 0.6880 | Best: 0.6938 | lr: 3.06e-06
Epoch 275 | Loss: 0.0064 | Val Acc: 0.6878 | Best: 0.6938 | lr: 2.83e-06
Epoch 276 | Loss: 0.0069 | Val Acc: 0.6906 | Best: 0.6938 | lr: 2.61e-06
Epoch 277 | Loss: 0.0061 | Val Acc: 0.6877 | Best: 0.6938 | lr: 2.40e-06
Epoch 278 | Loss: 0.0071 | Val Acc: 0.6875 | Best: 0.6938 | lr: 2.19e-06
Epoch 279 | Loss: 0.0055 | Val Acc: 0.6873 | Best: 0.6938 | lr: 2.00e-06
Epoch 280 | Loss: 0.0057 | Val Acc: 0.6900 | Best: 0.6938 | lr: 1.81e-06
Epoch 281 | Loss: 0.0057 | Val Acc: 0.6888 | Best: 0.6938 | lr: 1.64e-06
Epoch 282 | Loss: 0.0056 | Val Acc: 0.6879 | Best: 0.6938 | lr: 1.47e-06
Epoch 283 | Loss: 0.0044 | Val Acc: 0.6924 | Best: 0.6938 | lr: 1.31e-06
Epoch 284 | Loss: 0.0057 | Val Acc: 0.6889 | Best: 0.6938 | lr: 1.16e-06
Epoch 285 | Loss: 0.0055 | Val Acc: 0.6864 | Best: 0.6938 | lr: 1.02e-06
Epoch 286 | Loss: 0.0045 | Val Acc: 0.6872 | Best: 0.6938 | lr: 8.90e-07
Epoch 287 | Loss: 0.0052 | Val Acc: 0.6894 | Best: 0.6938 | lr: 7.68e-07
Epoch 288 | Loss: 0.0057 | Val Acc: 0.6886 | Best: 0.6938 | lr: 6.54e-07
Epoch 289 | Loss: 0.0044 | Val Acc: 0.6913 | Best: 0.6938 | lr: 5.50e-07
Epoch 290 | Loss: 0.0052 | Val Acc: 0.6885 | Best: 0.6938 | lr: 4.55e-07
Epoch 291 | Loss: 0.0052 | Val Acc: 0.6882 | Best: 0.6938 | lr: 3.68e-07
Epoch 292 | Loss: 0.0053 | Val Acc: 0.6908 | Best: 0.6938 | lr: 2.91e-07
Epoch 293 | Loss: 0.0049 | Val Acc: 0.6922 | Best: 0.6938 | lr: 2.23e-07
Epoch 294 | Loss: 0.0052 | Val Acc: 0.6896 | Best: 0.6938 | lr: 1.64e-07
Epoch 295 | Loss: 0.0053 | Val Acc: 0.6906 | Best: 0.6938 | lr: 1.14e-07
Epoch 296 | Loss: 0.0054 | Val Acc: 0.6936 | Best: 0.6938 | lr: 7.28e-08
Epoch 297 | Loss: 0.0050 | Val Acc: 0.6921 | Best: 0.6938 | lr: 4.10e-08
Epoch 298 | Loss: 0.0049 | Val Acc: 0.6932 | Best: 0.6938 | lr: 1.82e-08
Epoch 299 | Loss: 0.0050 | Val Acc: 0.6896 | Best: 0.6938 | lr: 4.55e-09
Epoch 300 | Loss: 0.0053 | Val Acc: 0.6892 | Best: 0.6938 | lr: 0.00e+00
raw : val 0.6939 | test 0.7314
==> Final Test Accuracy: 0.7314 (raw)
